test-desktop (macos-latest)	UNKNOWN STEP	ï»¿2026-02-12T04:23:31.9337130Z Current runner version: '2.331.0'
test-desktop (macos-latest)	UNKNOWN STEP	2026-02-12T04:23:31.9377720Z ##[group]Runner Image Provisioner
test-desktop (macos-latest)	UNKNOWN STEP	2026-02-12T04:23:31.9378630Z Hosted Compute Agent
test-desktop (macos-latest)	UNKNOWN STEP	2026-02-12T04:23:31.9379090Z Version: 20260123.484
test-desktop (macos-latest)	UNKNOWN STEP	2026-02-12T04:23:31.9379590Z Commit: 6bd6555ca37d84114959e1c76d2c01448ff61c5d
test-desktop (macos-latest)	UNKNOWN STEP	2026-02-12T04:23:31.9380260Z Build Date: 2026-01-23T19:41:17Z
test-desktop (macos-latest)	UNKNOWN STEP	2026-02-12T04:23:31.9380790Z Worker ID: {d2061424-037a-4bae-b985-c3b48e9f58a2}
test-desktop (macos-latest)	UNKNOWN STEP	2026-02-12T04:23:31.9381250Z Azure Region: westus
test-desktop (macos-latest)	UNKNOWN STEP	2026-02-12T04:23:31.9381620Z ##[endgroup]
test-desktop (macos-latest)	UNKNOWN STEP	2026-02-12T04:23:31.9382780Z ##[group]Operating System
test-desktop (macos-latest)	UNKNOWN STEP	2026-02-12T04:23:31.9383150Z macOS
test-desktop (macos-latest)	UNKNOWN STEP	2026-02-12T04:23:31.9383450Z 15.7.3
test-desktop (macos-latest)	UNKNOWN STEP	2026-02-12T04:23:31.9383750Z 24G419
test-desktop (macos-latest)	UNKNOWN STEP	2026-02-12T04:23:31.9384070Z ##[endgroup]
test-desktop (macos-latest)	UNKNOWN STEP	2026-02-12T04:23:31.9384400Z ##[group]Runner Image
test-desktop (macos-latest)	UNKNOWN STEP	2026-02-12T04:23:31.9384790Z Image: macos-15-arm64
test-desktop (macos-latest)	UNKNOWN STEP	2026-02-12T04:23:31.9385140Z Version: 20260127.0129.1
test-desktop (macos-latest)	UNKNOWN STEP	2026-02-12T04:23:31.9386340Z Included Software: https://github.com/actions/runner-images/blob/macos-15-arm64/20260127.0129/images/macos/macos-15-arm64-Readme.md
test-desktop (macos-latest)	UNKNOWN STEP	2026-02-12T04:23:31.9389830Z Image Release: https://github.com/actions/runner-images/releases/tag/macos-15-arm64%2F20260127.0129
test-desktop (macos-latest)	UNKNOWN STEP	2026-02-12T04:23:31.9397160Z ##[endgroup]
test-desktop (macos-latest)	UNKNOWN STEP	2026-02-12T04:23:31.9401010Z ##[group]GITHUB_TOKEN Permissions
test-desktop (macos-latest)	UNKNOWN STEP	2026-02-12T04:23:31.9406520Z Actions: write
test-desktop (macos-latest)	UNKNOWN STEP	2026-02-12T04:23:31.9406910Z Contents: write
test-desktop (macos-latest)	UNKNOWN STEP	2026-02-12T04:23:31.9407240Z Metadata: read
test-desktop (macos-latest)	UNKNOWN STEP	2026-02-12T04:23:31.9407560Z PullRequests: write
test-desktop (macos-latest)	UNKNOWN STEP	2026-02-12T04:23:31.9407900Z ##[endgroup]
test-desktop (macos-latest)	UNKNOWN STEP	2026-02-12T04:23:31.9410550Z Secret source: Actions
test-desktop (macos-latest)	UNKNOWN STEP	2026-02-12T04:23:31.9411020Z Prepare workflow directory
test-desktop (macos-latest)	UNKNOWN STEP	2026-02-12T04:23:32.0168760Z Prepare all required actions
test-desktop (macos-latest)	UNKNOWN STEP	2026-02-12T04:23:32.0198880Z Getting action download info
test-desktop (macos-latest)	UNKNOWN STEP	2026-02-12T04:23:32.4618730Z Download action repository 'actions/checkout@v4' (SHA:34e114876b0b11c390a56381ad16ebd13914f8d5)
test-desktop (macos-latest)	UNKNOWN STEP	2026-02-12T04:23:32.7277410Z Download action repository 'subosito/flutter-action@v2' (SHA:fd55f4c5af5b953cc57a2be44cb082c8f6635e8e)
test-desktop (macos-latest)	UNKNOWN STEP	2026-02-12T04:23:33.3373250Z Download action repository 'actions/cache@v4' (SHA:0057852bfaa89a56745cba8c7296529d2fc39830)
test-desktop (macos-latest)	UNKNOWN STEP	2026-02-12T04:23:33.4628800Z Download action repository 'actions/download-artifact@v4' (SHA:d3f86a106a0bac45b974a628896c90dbdf5c8093)
test-desktop (macos-latest)	UNKNOWN STEP	2026-02-12T04:23:34.3295160Z Getting action download info
test-desktop (macos-latest)	UNKNOWN STEP	2026-02-12T04:23:34.5465610Z Complete job name: test-desktop (macos-latest)
test-desktop (macos-latest)	UNKNOWN STEP	2026-02-12T04:23:34.6147510Z ##[group]Run actions/checkout@v4
test-desktop (macos-latest)	UNKNOWN STEP	2026-02-12T04:23:34.6148470Z with:
test-desktop (macos-latest)	UNKNOWN STEP	2026-02-12T04:23:34.6148970Z   repository: leehack/llamadart
test-desktop (macos-latest)	UNKNOWN STEP	2026-02-12T04:23:34.6149830Z   token: ***
test-desktop (macos-latest)	UNKNOWN STEP	2026-02-12T04:23:34.6150290Z   ssh-strict: true
test-desktop (macos-latest)	UNKNOWN STEP	2026-02-12T04:23:34.6150760Z   ssh-user: git
test-desktop (macos-latest)	UNKNOWN STEP	2026-02-12T04:23:34.6151230Z   persist-credentials: true
test-desktop (macos-latest)	UNKNOWN STEP	2026-02-12T04:23:34.6151770Z   clean: true
test-desktop (macos-latest)	UNKNOWN STEP	2026-02-12T04:23:34.6152250Z   sparse-checkout-cone-mode: true
test-desktop (macos-latest)	UNKNOWN STEP	2026-02-12T04:23:34.6152850Z   fetch-depth: 1
test-desktop (macos-latest)	UNKNOWN STEP	2026-02-12T04:23:34.6153330Z   fetch-tags: false
test-desktop (macos-latest)	UNKNOWN STEP	2026-02-12T04:23:34.6153820Z   show-progress: true
test-desktop (macos-latest)	UNKNOWN STEP	2026-02-12T04:23:34.6154320Z   lfs: false
test-desktop (macos-latest)	UNKNOWN STEP	2026-02-12T04:23:34.6154790Z   submodules: false
test-desktop (macos-latest)	UNKNOWN STEP	2026-02-12T04:23:34.6155440Z   set-safe-directory: true
test-desktop (macos-latest)	UNKNOWN STEP	2026-02-12T04:23:34.6156140Z env:
test-desktop (macos-latest)	UNKNOWN STEP	2026-02-12T04:23:34.6156630Z   CMAKE_C_COMPILER_LAUNCHER: ccache
test-desktop (macos-latest)	UNKNOWN STEP	2026-02-12T04:23:34.6157250Z   CMAKE_CXX_COMPILER_LAUNCHER: ccache
test-desktop (macos-latest)	UNKNOWN STEP	2026-02-12T04:23:34.6157840Z ##[endgroup]
test-desktop (macos-latest)	UNKNOWN STEP	2026-02-12T04:23:34.9709040Z Syncing repository: leehack/llamadart
test-desktop (macos-latest)	UNKNOWN STEP	2026-02-12T04:23:34.9712580Z ##[group]Getting Git version info
test-desktop (macos-latest)	UNKNOWN STEP	2026-02-12T04:23:34.9713440Z Working directory is '/Users/runner/work/llamadart/llamadart'
test-desktop (macos-latest)	UNKNOWN STEP	2026-02-12T04:23:34.9719360Z [command]/opt/homebrew/bin/git version
test-desktop (macos-latest)	UNKNOWN STEP	2026-02-12T04:23:35.0403510Z git version 2.52.0
test-desktop (macos-latest)	UNKNOWN STEP	2026-02-12T04:23:35.0462420Z ##[endgroup]
test-desktop (macos-latest)	UNKNOWN STEP	2026-02-12T04:23:35.0479510Z Copying '/Users/runner/.gitconfig' to '/Users/runner/work/_temp/74d20c5c-6176-48d4-9e6e-6418e33c5c9d/.gitconfig'
test-desktop (macos-latest)	UNKNOWN STEP	2026-02-12T04:23:35.0488800Z Temporarily overriding HOME='/Users/runner/work/_temp/74d20c5c-6176-48d4-9e6e-6418e33c5c9d' before making global git config changes
test-desktop (macos-latest)	UNKNOWN STEP	2026-02-12T04:23:35.0491500Z Adding repository directory to the temporary git global config as a safe directory
test-desktop (macos-latest)	UNKNOWN STEP	2026-02-12T04:23:35.0498300Z [command]/opt/homebrew/bin/git config --global --add safe.directory /Users/runner/work/llamadart/llamadart
test-desktop (macos-latest)	UNKNOWN STEP	2026-02-12T04:23:35.0662240Z Deleting the contents of '/Users/runner/work/llamadart/llamadart'
test-desktop (macos-latest)	UNKNOWN STEP	2026-02-12T04:23:35.0669590Z ##[group]Initializing the repository
test-desktop (macos-latest)	UNKNOWN STEP	2026-02-12T04:23:35.0674780Z [command]/opt/homebrew/bin/git init /Users/runner/work/llamadart/llamadart
test-desktop (macos-latest)	UNKNOWN STEP	2026-02-12T04:23:35.0937180Z hint: Using 'master' as the name for the initial branch. This default branch name
test-desktop (macos-latest)	UNKNOWN STEP	2026-02-12T04:23:35.0943380Z hint: will change to "main" in Git 3.0. To configure the initial branch name
test-desktop (macos-latest)	UNKNOWN STEP	2026-02-12T04:23:35.0945030Z hint: to use in all of your new repositories, which will suppress this warning,
test-desktop (macos-latest)	UNKNOWN STEP	2026-02-12T04:23:35.0946130Z hint: call:
test-desktop (macos-latest)	UNKNOWN STEP	2026-02-12T04:23:35.0946900Z hint:
test-desktop (macos-latest)	UNKNOWN STEP	2026-02-12T04:23:35.0951820Z hint: 	git config --global init.defaultBranch <name>
test-desktop (macos-latest)	UNKNOWN STEP	2026-02-12T04:23:35.0952860Z hint:
test-desktop (macos-latest)	UNKNOWN STEP	2026-02-12T04:23:35.0953800Z hint: Names commonly chosen instead of 'master' are 'main', 'trunk' and
test-desktop (macos-latest)	UNKNOWN STEP	2026-02-12T04:23:35.0955640Z hint: 'development'. The just-created branch can be renamed via this command:
test-desktop (macos-latest)	UNKNOWN STEP	2026-02-12T04:23:35.0957160Z hint:
test-desktop (macos-latest)	UNKNOWN STEP	2026-02-12T04:23:35.0962980Z hint: 	git branch -m <name>
test-desktop (macos-latest)	UNKNOWN STEP	2026-02-12T04:23:35.0966670Z hint:
test-desktop (macos-latest)	UNKNOWN STEP	2026-02-12T04:23:35.0967680Z hint: Disable this message with "git config set advice.defaultBranchName false"
test-desktop (macos-latest)	UNKNOWN STEP	2026-02-12T04:23:35.0969290Z Initialized empty Git repository in /Users/runner/work/llamadart/llamadart/.git/
test-desktop (macos-latest)	UNKNOWN STEP	2026-02-12T04:23:35.0971900Z [command]/opt/homebrew/bin/git remote add origin https://github.com/leehack/llamadart
test-desktop (macos-latest)	UNKNOWN STEP	2026-02-12T04:23:35.1042650Z ##[endgroup]
test-desktop (macos-latest)	UNKNOWN STEP	2026-02-12T04:23:35.1044020Z ##[group]Disabling automatic garbage collection
test-desktop (macos-latest)	UNKNOWN STEP	2026-02-12T04:23:35.1045310Z [command]/opt/homebrew/bin/git config --local gc.auto 0
test-desktop (macos-latest)	UNKNOWN STEP	2026-02-12T04:23:35.1232670Z ##[endgroup]
test-desktop (macos-latest)	UNKNOWN STEP	2026-02-12T04:23:35.1233550Z ##[group]Setting up auth
test-desktop (macos-latest)	UNKNOWN STEP	2026-02-12T04:23:35.1234580Z [command]/opt/homebrew/bin/git config --local --name-only --get-regexp core\.sshCommand
test-desktop (macos-latest)	UNKNOWN STEP	2026-02-12T04:23:35.1398340Z [command]/opt/homebrew/bin/git submodule foreach --recursive sh -c "git config --local --name-only --get-regexp 'core\.sshCommand' && git config --local --unset-all 'core.sshCommand' || :"
test-desktop (macos-latest)	UNKNOWN STEP	2026-02-12T04:23:35.2513230Z [command]/opt/homebrew/bin/git config --local --name-only --get-regexp http\.https\:\/\/github\.com\/\.extraheader
test-desktop (macos-latest)	UNKNOWN STEP	2026-02-12T04:23:35.2621070Z [command]/opt/homebrew/bin/git submodule foreach --recursive sh -c "git config --local --name-only --get-regexp 'http\.https\:\/\/github\.com\/\.extraheader' && git config --local --unset-all 'http.https://github.com/.extraheader' || :"
test-desktop (macos-latest)	UNKNOWN STEP	2026-02-12T04:23:35.3788430Z [command]/opt/homebrew/bin/git config --local --name-only --get-regexp ^includeIf\.gitdir:
test-desktop (macos-latest)	UNKNOWN STEP	2026-02-12T04:23:35.3863300Z [command]/opt/homebrew/bin/git submodule foreach --recursive git config --local --show-origin --name-only --get-regexp remote.origin.url
test-desktop (macos-latest)	UNKNOWN STEP	2026-02-12T04:23:35.4762830Z [command]/opt/homebrew/bin/git config --local http.https://github.com/.extraheader AUTHORIZATION: basic ***
test-desktop (macos-latest)	UNKNOWN STEP	2026-02-12T04:23:35.4881540Z ##[endgroup]
test-desktop (macos-latest)	UNKNOWN STEP	2026-02-12T04:23:35.4883420Z ##[group]Fetching the repository
test-desktop (macos-latest)	UNKNOWN STEP	2026-02-12T04:23:35.4914400Z [command]/opt/homebrew/bin/git -c protocol.version=2 fetch --no-tags --prune --no-recurse-submodules --depth=1 origin +460d87dc931883413742b690a0470be6778abd56:refs/remotes/origin/fix-tool
test-desktop (macos-latest)	UNKNOWN STEP	2026-02-12T04:23:36.1515830Z From https://github.com/leehack/llamadart
test-desktop (macos-latest)	UNKNOWN STEP	2026-02-12T04:23:36.1519290Z  * [new ref]         460d87dc931883413742b690a0470be6778abd56 -> origin/fix-tool
test-desktop (macos-latest)	UNKNOWN STEP	2026-02-12T04:23:36.1644610Z ##[endgroup]
test-desktop (macos-latest)	UNKNOWN STEP	2026-02-12T04:23:36.1645310Z ##[group]Determining the checkout info
test-desktop (macos-latest)	UNKNOWN STEP	2026-02-12T04:23:36.1656110Z ##[endgroup]
test-desktop (macos-latest)	UNKNOWN STEP	2026-02-12T04:23:36.1714290Z [command]/opt/homebrew/bin/git sparse-checkout disable
test-desktop (macos-latest)	UNKNOWN STEP	2026-02-12T04:23:36.1840050Z [command]/opt/homebrew/bin/git config --local --unset-all extensions.worktreeConfig
test-desktop (macos-latest)	UNKNOWN STEP	2026-02-12T04:23:36.1930270Z ##[group]Checking out the ref
test-desktop (macos-latest)	UNKNOWN STEP	2026-02-12T04:23:36.1934630Z [command]/opt/homebrew/bin/git checkout --progress --force -B fix-tool refs/remotes/origin/fix-tool
test-desktop (macos-latest)	UNKNOWN STEP	2026-02-12T04:23:36.2512820Z Switched to a new branch 'fix-tool'
test-desktop (macos-latest)	UNKNOWN STEP	2026-02-12T04:23:36.2535070Z branch 'fix-tool' set up to track 'origin/fix-tool'.
test-desktop (macos-latest)	UNKNOWN STEP	2026-02-12T04:23:36.2536320Z ##[endgroup]
test-desktop (macos-latest)	UNKNOWN STEP	2026-02-12T04:23:36.2618610Z [command]/opt/homebrew/bin/git log -1 --format=%H
test-desktop (macos-latest)	UNKNOWN STEP	2026-02-12T04:23:36.2685370Z 460d87dc931883413742b690a0470be6778abd56
test-desktop (macos-latest)	UNKNOWN STEP	2026-02-12T04:23:36.3064770Z ##[group]Run subosito/flutter-action@v2
test-desktop (macos-latest)	UNKNOWN STEP	2026-02-12T04:23:36.3065190Z with:
test-desktop (macos-latest)	UNKNOWN STEP	2026-02-12T04:23:36.3065390Z   channel: stable
test-desktop (macos-latest)	UNKNOWN STEP	2026-02-12T04:23:36.3065640Z   architecture: ARM64
test-desktop (macos-latest)	UNKNOWN STEP	2026-02-12T04:23:36.3065850Z   cache: false
test-desktop (macos-latest)	UNKNOWN STEP	2026-02-12T04:23:36.3066090Z   pub-cache-path: default
test-desktop (macos-latest)	UNKNOWN STEP	2026-02-12T04:23:36.3066290Z   dry-run: false
test-desktop (macos-latest)	UNKNOWN STEP	2026-02-12T04:23:36.3066770Z   git-source: https://github.com/flutter/flutter.git
test-desktop (macos-latest)	UNKNOWN STEP	2026-02-12T04:23:36.3067170Z env:
test-desktop (macos-latest)	UNKNOWN STEP	2026-02-12T04:23:36.3067390Z   CMAKE_C_COMPILER_LAUNCHER: ccache
test-desktop (macos-latest)	UNKNOWN STEP	2026-02-12T04:23:36.3067680Z   CMAKE_CXX_COMPILER_LAUNCHER: ccache
test-desktop (macos-latest)	UNKNOWN STEP	2026-02-12T04:23:36.3067950Z ##[endgroup]
test-desktop (macos-latest)	UNKNOWN STEP	2026-02-12T04:23:36.3184630Z ##[group]Run chmod +x "$GITHUB_ACTION_PATH/setup.sh"
test-desktop (macos-latest)	UNKNOWN STEP	2026-02-12T04:23:36.3185180Z [36;1mchmod +x "$GITHUB_ACTION_PATH/setup.sh"[0m
test-desktop (macos-latest)	UNKNOWN STEP	2026-02-12T04:23:36.3293980Z shell: /bin/bash --noprofile --norc -e -o pipefail {0}
test-desktop (macos-latest)	UNKNOWN STEP	2026-02-12T04:23:36.3294550Z env:
test-desktop (macos-latest)	UNKNOWN STEP	2026-02-12T04:23:36.3294890Z   CMAKE_C_COMPILER_LAUNCHER: ccache
test-desktop (macos-latest)	UNKNOWN STEP	2026-02-12T04:23:36.3295710Z   CMAKE_CXX_COMPILER_LAUNCHER: ccache
test-desktop (macos-latest)	UNKNOWN STEP	2026-02-12T04:23:36.3296340Z ##[endgroup]
test-desktop (macos-latest)	UNKNOWN STEP	2026-02-12T04:23:36.4148060Z ##[group]Run $GITHUB_ACTION_PATH/setup.sh -p \
test-desktop (macos-latest)	UNKNOWN STEP	2026-02-12T04:23:36.4148460Z [36;1m$GITHUB_ACTION_PATH/setup.sh -p \[0m
test-desktop (macos-latest)	UNKNOWN STEP	2026-02-12T04:23:36.4148720Z [36;1m  -n '' \[0m
test-desktop (macos-latest)	UNKNOWN STEP	2026-02-12T04:23:36.4148910Z [36;1m  -f '' \[0m
test-desktop (macos-latest)	UNKNOWN STEP	2026-02-12T04:23:36.4149210Z [36;1m  -a 'ARM64' \[0m
test-desktop (macos-latest)	UNKNOWN STEP	2026-02-12T04:23:36.4149470Z [36;1m  -k '' \[0m
test-desktop (macos-latest)	UNKNOWN STEP	2026-02-12T04:23:36.4149730Z [36;1m  -c '' \[0m
test-desktop (macos-latest)	UNKNOWN STEP	2026-02-12T04:23:36.4149990Z [36;1m  -l '' \[0m
test-desktop (macos-latest)	UNKNOWN STEP	2026-02-12T04:23:36.4150270Z [36;1m  -d 'default' \[0m
test-desktop (macos-latest)	UNKNOWN STEP	2026-02-12T04:23:36.4171570Z [36;1m  -g 'https://github.com/flutter/flutter.git' \[0m
test-desktop (macos-latest)	UNKNOWN STEP	2026-02-12T04:23:36.4172160Z [36;1m  stable[0m
test-desktop (macos-latest)	UNKNOWN STEP	2026-02-12T04:23:36.4208630Z shell: /bin/bash --noprofile --norc -e -o pipefail {0}
test-desktop (macos-latest)	UNKNOWN STEP	2026-02-12T04:23:36.4209040Z env:
test-desktop (macos-latest)	UNKNOWN STEP	2026-02-12T04:23:36.4209260Z   CMAKE_C_COMPILER_LAUNCHER: ccache
test-desktop (macos-latest)	UNKNOWN STEP	2026-02-12T04:23:36.4209530Z   CMAKE_CXX_COMPILER_LAUNCHER: ccache
test-desktop (macos-latest)	UNKNOWN STEP	2026-02-12T04:23:36.4209840Z ##[endgroup]
test-desktop (macos-latest)	UNKNOWN STEP	2026-02-12T04:23:37.0699750Z ##[group]Run $GITHUB_ACTION_PATH/setup.sh \
test-desktop (macos-latest)	UNKNOWN STEP	2026-02-12T04:23:37.0700140Z [36;1m$GITHUB_ACTION_PATH/setup.sh \[0m
test-desktop (macos-latest)	UNKNOWN STEP	2026-02-12T04:23:37.0700410Z [36;1m  -n '3.41.0' \[0m
test-desktop (macos-latest)	UNKNOWN STEP	2026-02-12T04:23:37.0700660Z [36;1m  -a 'arm64' \[0m
test-desktop (macos-latest)	UNKNOWN STEP	2026-02-12T04:23:37.0702680Z [36;1m  -c '/Users/runner/hostedtoolcache/flutter/stable-3.41.0-arm64' \[0m
test-desktop (macos-latest)	UNKNOWN STEP	2026-02-12T04:23:37.0703110Z [36;1m  -d '/Users/runner/.pub-cache' \[0m
test-desktop (macos-latest)	UNKNOWN STEP	2026-02-12T04:23:37.0703670Z [36;1m  stable[0m
test-desktop (macos-latest)	UNKNOWN STEP	2026-02-12T04:23:37.0740610Z shell: /bin/bash --noprofile --norc -e -o pipefail {0}
test-desktop (macos-latest)	UNKNOWN STEP	2026-02-12T04:23:37.0740970Z env:
test-desktop (macos-latest)	UNKNOWN STEP	2026-02-12T04:23:37.0741200Z   CMAKE_C_COMPILER_LAUNCHER: ccache
test-desktop (macos-latest)	UNKNOWN STEP	2026-02-12T04:23:37.0741550Z   CMAKE_CXX_COMPILER_LAUNCHER: ccache
test-desktop (macos-latest)	UNKNOWN STEP	2026-02-12T04:23:37.0741910Z ##[endgroup]
test-desktop (macos-latest)	UNKNOWN STEP	2026-02-12T04:23:37.6804220Z   % Total    % Received % Xferd  Average Speed   Time    Time     Time  Current
test-desktop (macos-latest)	UNKNOWN STEP	2026-02-12T04:23:37.6938960Z                                  Dload  Upload   Total   Spent    Left  Speed
test-desktop (macos-latest)	UNKNOWN STEP	2026-02-12T04:23:37.6955980Z 
test-desktop (macos-latest)	UNKNOWN STEP	2026-02-12T04:23:38.5478370Z   0     0    0     0    0     0      0      0 --:--:-- --:--:-- --:--:--     0
test-desktop (macos-latest)	UNKNOWN STEP	2026-02-12T04:23:39.5514340Z   1 2034M    1 24.9M    0     0  28.5M      0  0:01:11 --:--:--  0:01:11 28.5M
test-desktop (macos-latest)	UNKNOWN STEP	2026-02-12T04:23:40.5516030Z   3 2034M    3 79.4M    0     0  42.3M      0  0:00:48  0:00:01  0:00:47 42.3M
test-desktop (macos-latest)	UNKNOWN STEP	2026-02-12T04:23:41.5496150Z   6 2034M    6  128M    0     0  44.7M      0  0:00:45  0:00:02  0:00:43 44.7M
test-desktop (macos-latest)	UNKNOWN STEP	2026-02-12T04:23:42.5506190Z   8 2034M    8  178M    0     0  46.1M      0  0:00:44  0:00:03  0:00:41 46.1M
test-desktop (macos-latest)	UNKNOWN STEP	2026-02-12T04:23:43.5516520Z  11 2034M   11  226M    0     0  46.4M      0  0:00:43  0:00:04  0:00:39 46.4M
test-desktop (macos-latest)	UNKNOWN STEP	2026-02-12T04:23:44.5547770Z  13 2034M   13  272M    0     0  46.3M      0  0:00:43  0:00:05  0:00:38 49.4M
test-desktop (macos-latest)	UNKNOWN STEP	2026-02-12T04:23:45.5510660Z  16 2034M   16  330M    0     0  48.0M      0  0:00:42  0:00:06  0:00:36 50.1M
test-desktop (macos-latest)	UNKNOWN STEP	2026-02-12T04:23:46.5514720Z  18 2034M   18  381M    0     0  48.5M      0  0:00:41  0:00:07  0:00:34 50.6M
test-desktop (macos-latest)	UNKNOWN STEP	2026-02-12T04:23:47.5530030Z  21 2034M   21  442M    0     0  49.8M      0  0:00:40  0:00:08  0:00:32 52.6M
test-desktop (macos-latest)	UNKNOWN STEP	2026-02-12T04:23:48.5537160Z  24 2034M   24  493M    0     0  50.0M      0  0:00:40  0:00:09  0:00:31 53.5M
test-desktop (macos-latest)	UNKNOWN STEP	2026-02-12T04:23:49.5534390Z  25 2034M   25  519M    0     0  47.7M      0  0:00:42  0:00:10  0:00:32 49.4M
test-desktop (macos-latest)	UNKNOWN STEP	2026-02-12T04:23:50.5532220Z  27 2034M   27  552M    0     0  46.5M      0  0:00:43  0:00:11  0:00:32 44.4M
test-desktop (macos-latest)	UNKNOWN STEP	2026-02-12T04:23:51.5576720Z  30 2034M   30  613M    0     0  47.6M      0  0:00:42  0:00:12  0:00:30 46.2M
test-desktop (macos-latest)	UNKNOWN STEP	2026-02-12T04:23:52.5587520Z  32 2034M   32  664M    0     0  47.8M      0  0:00:42  0:00:13  0:00:29 44.3M
test-desktop (macos-latest)	UNKNOWN STEP	2026-02-12T04:23:53.5553540Z  34 2034M   34  695M    0     0  46.7M      0  0:00:43  0:00:14  0:00:29 40.3M
test-desktop (macos-latest)	UNKNOWN STEP	2026-02-12T04:23:54.5582150Z  36 2034M   36  742M    0     0  46.7M      0  0:00:43  0:00:15  0:00:28 44.5M
test-desktop (macos-latest)	UNKNOWN STEP	2026-02-12T04:23:55.5558420Z  39 2034M   39  794M    0     0  47.0M      0  0:00:43  0:00:16  0:00:27 48.4M
test-desktop (macos-latest)	UNKNOWN STEP	2026-02-12T04:23:56.5571670Z  41 2034M   41  842M    0     0  47.1M      0  0:00:43  0:00:17  0:00:26 45.7M
test-desktop (macos-latest)	UNKNOWN STEP	2026-02-12T04:23:57.5633820Z  42 2034M   42  870M    0     0  46.1M      0  0:00:44  0:00:18  0:00:26 41.3M
test-desktop (macos-latest)	UNKNOWN STEP	2026-02-12T04:23:58.5647790Z  44 2034M   44  895M    0     0  45.0M      0  0:00:45  0:00:19  0:00:26 39.8M
test-desktop (macos-latest)	UNKNOWN STEP	2026-02-12T04:23:59.5613350Z  46 2034M   46  952M    0     0  45.6M      0  0:00:44  0:00:20  0:00:24 41.9M
test-desktop (macos-latest)	UNKNOWN STEP	2026-02-12T04:24:00.5605900Z  49 2034M   49 1003M    0     0  45.8M      0  0:00:44  0:00:21  0:00:23 41.7M
test-desktop (macos-latest)	UNKNOWN STEP	2026-02-12T04:24:01.5619570Z  51 2034M   51 1049M    0     0  45.9M      0  0:00:44  0:00:22  0:00:22 41.5M
test-desktop (macos-latest)	UNKNOWN STEP	2026-02-12T04:24:02.5647350Z  54 2034M   54 1104M    0     0  46.2M      0  0:00:43  0:00:23  0:00:20 46.6M
test-desktop (macos-latest)	UNKNOWN STEP	2026-02-12T04:24:03.5598250Z  56 2034M   56 1153M    0     0  46.3M      0  0:00:43  0:00:24  0:00:19 51.7M
test-desktop (macos-latest)	UNKNOWN STEP	2026-02-12T04:24:04.5679230Z  59 2034M   59 1204M    0     0  46.5M      0  0:00:43  0:00:25  0:00:18 50.5M
test-desktop (macos-latest)	UNKNOWN STEP	2026-02-12T04:24:05.5622760Z  61 2034M   61 1261M    0     0  46.9M      0  0:00:43  0:00:26  0:00:17 51.6M
test-desktop (macos-latest)	UNKNOWN STEP	2026-02-12T04:24:06.5624220Z  64 2034M   64 1319M    0     0  47.3M      0  0:00:42  0:00:27  0:00:15 53.9M
test-desktop (macos-latest)	UNKNOWN STEP	2026-02-12T04:24:07.5622120Z  67 2034M   67 1378M    0     0  47.7M      0  0:00:42  0:00:28  0:00:14 54.8M
test-desktop (macos-latest)	UNKNOWN STEP	2026-02-12T04:24:08.5642200Z  70 2034M   70 1436M    0     0  48.0M      0  0:00:42  0:00:29  0:00:13 56.5M
test-desktop (macos-latest)	UNKNOWN STEP	2026-02-12T04:24:09.5637120Z  73 2034M   73 1499M    0     0  48.5M      0  0:00:41  0:00:30  0:00:11 59.0M
test-desktop (macos-latest)	UNKNOWN STEP	2026-02-12T04:24:10.5675110Z  76 2034M   76 1563M    0     0  49.0M      0  0:00:41  0:00:31  0:00:10 60.4M
test-desktop (macos-latest)	UNKNOWN STEP	2026-02-12T04:24:11.5650910Z  80 2034M   80 1637M    0     0  49.7M      0  0:00:40  0:00:32  0:00:08 63.4M
test-desktop (macos-latest)	UNKNOWN STEP	2026-02-12T04:24:12.5665320Z  83 2034M   83 1708M    0     0  50.4M      0  0:00:40  0:00:33  0:00:07 65.9M
test-desktop (macos-latest)	UNKNOWN STEP	2026-02-12T04:24:13.5684300Z  86 2034M   86 1767M    0     0  50.6M      0  0:00:40  0:00:34  0:00:06 66.1M
test-desktop (macos-latest)	UNKNOWN STEP	2026-02-12T04:24:14.5706180Z  89 2034M   89 1824M    0     0  50.8M      0  0:00:39  0:00:35  0:00:04 64.9M
test-desktop (macos-latest)	UNKNOWN STEP	2026-02-12T04:24:15.5676460Z  92 2034M   92 1873M    0     0  50.8M      0  0:00:40  0:00:36  0:00:04 62.1M
test-desktop (macos-latest)	UNKNOWN STEP	2026-02-12T04:24:16.5664240Z  95 2034M   95 1944M    0     0  51.3M      0  0:00:39  0:00:37  0:00:02 61.5M
test-desktop (macos-latest)	UNKNOWN STEP	2026-02-12T04:24:16.8344430Z  99 2034M   99 2014M    0     0  51.8M      0  0:00:39  0:00:38  0:00:01 61.3M
test-desktop (macos-latest)	UNKNOWN STEP	2026-02-12T04:24:16.8350390Z 100 2034M  100 2034M    0     0  51.9M      0  0:00:39  0:00:39 --:--:-- 62.6M
test-desktop (macos-latest)	UNKNOWN STEP	2026-02-12T04:25:11.1022590Z ##[group]Run actions/cache@v4
test-desktop (macos-latest)	UNKNOWN STEP	2026-02-12T04:25:11.1024170Z with:
test-desktop (macos-latest)	UNKNOWN STEP	2026-02-12T04:25:11.1024800Z   path: ~/.pub-cache
test-desktop (macos-latest)	UNKNOWN STEP	
test-desktop (macos-latest)	UNKNOWN STEP	2026-02-12T04:25:11.1025710Z   key: macOS-pub-cache-72f59f4238b391a6fba91f62b9dd42123eea23eed405168c1988aa8316f4052c
test-desktop (macos-latest)	UNKNOWN STEP	2026-02-12T04:25:11.1026660Z   restore-keys: macOS-pub-cache-
test-desktop (macos-latest)	UNKNOWN STEP	
test-desktop (macos-latest)	UNKNOWN STEP	2026-02-12T04:25:11.1026880Z   enableCrossOsArchive: false
test-desktop (macos-latest)	UNKNOWN STEP	2026-02-12T04:25:11.1043700Z   fail-on-cache-miss: false
test-desktop (macos-latest)	UNKNOWN STEP	2026-02-12T04:25:11.1043920Z   lookup-only: false
test-desktop (macos-latest)	UNKNOWN STEP	2026-02-12T04:25:11.1044080Z   save-always: false
test-desktop (macos-latest)	UNKNOWN STEP	2026-02-12T04:25:11.1045970Z env:
test-desktop (macos-latest)	UNKNOWN STEP	2026-02-12T04:25:11.1046200Z   CMAKE_C_COMPILER_LAUNCHER: ccache
test-desktop (macos-latest)	UNKNOWN STEP	2026-02-12T04:25:11.1046420Z   CMAKE_CXX_COMPILER_LAUNCHER: ccache
test-desktop (macos-latest)	UNKNOWN STEP	2026-02-12T04:25:11.1047640Z   FLUTTER_ROOT: /Users/runner/hostedtoolcache/flutter/stable-3.41.0-arm64
test-desktop (macos-latest)	UNKNOWN STEP	2026-02-12T04:25:11.1048010Z   PUB_CACHE: /Users/runner/.pub-cache
test-desktop (macos-latest)	UNKNOWN STEP	2026-02-12T04:25:11.1048230Z ##[endgroup]
test-desktop (macos-latest)	UNKNOWN STEP	2026-02-12T04:25:11.9746210Z Cache hit for restore-key: macOS-pub-cache-e20b2754b92a7524efe6374c1cfc0f549920efc477bc29f6b9061db1b8c67d0b
test-desktop (macos-latest)	UNKNOWN STEP	2026-02-12T04:25:13.1393170Z Received 26342866 of 26342866 (100.0%), 25.4 MBs/sec
test-desktop (macos-latest)	UNKNOWN STEP	2026-02-12T04:25:13.1598290Z Cache Size: ~25 MB (26342866 B)
test-desktop (macos-latest)	UNKNOWN STEP	2026-02-12T04:25:13.1707350Z [command]/opt/homebrew/bin/gtar -xf /Users/runner/work/_temp/a04a88b2-b510-4171-9cfb-fcd87c41b88d/cache.tzst -P -C /Users/runner/work/llamadart/llamadart --delay-directory-restore --use-compress-program unzstd
test-desktop (macos-latest)	UNKNOWN STEP	2026-02-12T04:25:17.5680610Z Cache restored successfully
test-desktop (macos-latest)	UNKNOWN STEP	2026-02-12T04:25:17.6132860Z Cache restored from key: macOS-pub-cache-e20b2754b92a7524efe6374c1cfc0f549920efc477bc29f6b9061db1b8c67d0b
test-desktop (macos-latest)	UNKNOWN STEP	2026-02-12T04:25:17.6542740Z ##[group]Run actions/download-artifact@v4
test-desktop (macos-latest)	UNKNOWN STEP	2026-02-12T04:25:17.6543490Z with:
test-desktop (macos-latest)	UNKNOWN STEP	2026-02-12T04:25:17.6544570Z   name: updated_source
test-desktop (macos-latest)	UNKNOWN STEP	2026-02-12T04:25:17.6544860Z   path: .
test-desktop (macos-latest)	UNKNOWN STEP	2026-02-12T04:25:17.6545760Z   merge-multiple: false
test-desktop (macos-latest)	UNKNOWN STEP	2026-02-12T04:25:17.6547670Z   repository: leehack/llamadart
test-desktop (macos-latest)	UNKNOWN STEP	2026-02-12T04:25:17.6547960Z   run-id: 21933352846
test-desktop (macos-latest)	UNKNOWN STEP	2026-02-12T04:25:17.6550300Z env:
test-desktop (macos-latest)	UNKNOWN STEP	2026-02-12T04:25:17.6551520Z   CMAKE_C_COMPILER_LAUNCHER: ccache
test-desktop (macos-latest)	UNKNOWN STEP	2026-02-12T04:25:17.6553340Z   CMAKE_CXX_COMPILER_LAUNCHER: ccache
test-desktop (macos-latest)	UNKNOWN STEP	2026-02-12T04:25:17.6554800Z   FLUTTER_ROOT: /Users/runner/hostedtoolcache/flutter/stable-3.41.0-arm64
test-desktop (macos-latest)	UNKNOWN STEP	2026-02-12T04:25:17.6555950Z   PUB_CACHE: /Users/runner/.pub-cache
test-desktop (macos-latest)	UNKNOWN STEP	2026-02-12T04:25:17.6558500Z ##[endgroup]
test-desktop (macos-latest)	UNKNOWN STEP	2026-02-12T04:25:18.2469490Z Downloading single artifact
test-desktop (macos-latest)	UNKNOWN STEP	2026-02-12T04:25:18.5511170Z Preparing to download the following artifacts:
test-desktop (macos-latest)	UNKNOWN STEP	2026-02-12T04:25:18.5614000Z - updated_source (ID: 5476945214, Size: 2689, Expected Digest: sha256:cb92622a0e9daa9dd54340416afbd8ac66548910f26a7826a8dd5012af6c0b8b)
test-desktop (macos-latest)	UNKNOWN STEP	2026-02-12T04:25:18.7054620Z Redirecting to blob download url: https://productionresultssa6.blob.core.windows.net/actions-results/93d9cf5e-40f8-4b50-99e6-1a2d18e527ca/workflow-job-run-0f39abb4-7cb1-5f2e-b9c1-4cdc3e7ae5e3/artifacts/789161c99e439d4c7cdd061266c2c3ca5df245fa64b250ed9e10501c07a58d95.zip
test-desktop (macos-latest)	UNKNOWN STEP	2026-02-12T04:25:18.7154450Z Starting download of artifact to: /Users/runner/work/llamadart/llamadart
test-desktop (macos-latest)	UNKNOWN STEP	2026-02-12T04:25:18.8071360Z (node:1860) [DEP0005] DeprecationWarning: Buffer() is deprecated due to security and usability issues. Please use the Buffer.alloc(), Buffer.allocUnsafe(), or Buffer.from() methods instead.
test-desktop (macos-latest)	UNKNOWN STEP	2026-02-12T04:25:18.8072330Z SHA256 digest of downloaded artifact is cb92622a0e9daa9dd54340416afbd8ac66548910f26a7826a8dd5012af6c0b8b
test-desktop (macos-latest)	UNKNOWN STEP	2026-02-12T04:25:18.8179300Z (Use `node --trace-deprecation ...` to show where the warning was created)
test-desktop (macos-latest)	UNKNOWN STEP	2026-02-12T04:25:18.8181410Z Artifact download completed successfully.
test-desktop (macos-latest)	UNKNOWN STEP	2026-02-12T04:25:18.8283910Z Total of 1 artifact(s) downloaded
test-desktop (macos-latest)	UNKNOWN STEP	2026-02-12T04:25:18.8387030Z Download artifact has finished successfully
test-desktop (macos-latest)	UNKNOWN STEP	2026-02-12T04:25:18.8690900Z ##[group]Run actions/download-artifact@v4
test-desktop (macos-latest)	UNKNOWN STEP	2026-02-12T04:25:18.8693170Z with:
test-desktop (macos-latest)	UNKNOWN STEP	2026-02-12T04:25:18.8693980Z   path: artifacts
test-desktop (macos-latest)	UNKNOWN STEP	2026-02-12T04:25:18.8694630Z   merge-multiple: false
test-desktop (macos-latest)	UNKNOWN STEP	2026-02-12T04:25:18.8695210Z   repository: leehack/llamadart
test-desktop (macos-latest)	UNKNOWN STEP	2026-02-12T04:25:18.8696200Z   run-id: 21933352846
test-desktop (macos-latest)	UNKNOWN STEP	2026-02-12T04:25:18.8696700Z env:
test-desktop (macos-latest)	UNKNOWN STEP	2026-02-12T04:25:18.8697180Z   CMAKE_C_COMPILER_LAUNCHER: ccache
test-desktop (macos-latest)	UNKNOWN STEP	2026-02-12T04:25:18.8698370Z   CMAKE_CXX_COMPILER_LAUNCHER: ccache
test-desktop (macos-latest)	UNKNOWN STEP	2026-02-12T04:25:18.8698760Z   FLUTTER_ROOT: /Users/runner/hostedtoolcache/flutter/stable-3.41.0-arm64
test-desktop (macos-latest)	UNKNOWN STEP	2026-02-12T04:25:18.8699220Z   PUB_CACHE: /Users/runner/.pub-cache
test-desktop (macos-latest)	UNKNOWN STEP	2026-02-12T04:25:18.8699520Z ##[endgroup]
test-desktop (macos-latest)	UNKNOWN STEP	2026-02-12T04:25:19.6245090Z Found 11 artifact(s)
test-desktop (macos-latest)	UNKNOWN STEP	2026-02-12T04:25:19.6455170Z No input name, artifact-ids or pattern filtered specified, downloading all artifacts
test-desktop (macos-latest)	UNKNOWN STEP	2026-02-12T04:25:19.6557830Z An extra directory with the artifact name will be created for each download
test-desktop (macos-latest)	UNKNOWN STEP	2026-02-12T04:25:19.6659980Z Preparing to download the following artifacts:
test-desktop (macos-latest)	UNKNOWN STEP	2026-02-12T04:25:19.6763880Z - libllamadart_windows_x64 (ID: 5476977584, Size: 13661142, Expected Digest: sha256:138faea772aba0e2a8f22c8d0a68a8b3fae646e0e7f20cdb7280f33081c27e0f)
test-desktop (macos-latest)	UNKNOWN STEP	2026-02-12T04:25:19.6866620Z - libllamadart_android_x86_64 (ID: 5476956677, Size: 10592721, Expected Digest: sha256:21ccc258392967a4da2bdc4a77656c3f78dc1617d3d1ace1653ca1063320444f)
test-desktop (macos-latest)	UNKNOWN STEP	2026-02-12T04:25:19.6968420Z - libllamadart_linux_x64 (ID: 5476953598, Size: 14607753, Expected Digest: sha256:5fa491147da9382382e12427d4e4d0eec9aff691f8c28dc25436c8226cc22cb9)
test-desktop (macos-latest)	UNKNOWN STEP	2026-02-12T04:25:19.7070260Z - libllamadart_android_arm64-v8a (ID: 5476953392, Size: 10499906, Expected Digest: sha256:55584124fae01b589a3c6f5395858a252d0c7a436d69acdfc3b85952fe49a8f9)
test-desktop (macos-latest)	UNKNOWN STEP	2026-02-12T04:25:19.7172840Z - libllamadart_apple_ios-sim-arm64 (ID: 5476946732, Size: 8578719, Expected Digest: sha256:c4cb5e405526ae6c918d846c3e60e4179e2caa4cb05b6f5d3946286c9fa8a619)
test-desktop (macos-latest)	UNKNOWN STEP	2026-02-12T04:25:19.7274710Z - updated_source (ID: 5476945214, Size: 2689, Expected Digest: sha256:cb92622a0e9daa9dd54340416afbd8ac66548910f26a7826a8dd5012af6c0b8b)
test-desktop (macos-latest)	UNKNOWN STEP	2026-02-12T04:25:19.7378230Z - libllamadart_linux_arm64 (ID: 5476944375, Size: 1921328, Expected Digest: sha256:f3506605fbf4181f6afc715b176cb518f37eb7632a442ad8c3e8e5915007f605)
test-desktop (macos-latest)	UNKNOWN STEP	2026-02-12T04:25:19.7491150Z - libllamadart_apple_macos-x86_64 (ID: 5476943135, Size: 8677909, Expected Digest: sha256:b0391fa19aab6ea0425cba99881e8125f882d658073d1c5887b2d3cd19a23592)
test-desktop (macos-latest)	UNKNOWN STEP	2026-02-12T04:25:19.7602280Z - libllamadart_apple_ios-sim-x86_64 (ID: 5476941618, Size: 8258750, Expected Digest: sha256:15f492e81cc8ff172402de3ec681186e8f2fd7bba3a958c229de6796c1fa9391)
test-desktop (macos-latest)	UNKNOWN STEP	2026-02-12T04:25:19.7729700Z - libllamadart_apple_ios-device-arm64 (ID: 5476940283, Size: 8324244, Expected Digest: sha256:275cafee01525df87121015348de72e7c0ff6d19690634d39675a2b1a92fefe6)
test-desktop (macos-latest)	UNKNOWN STEP	2026-02-12T04:25:19.7831980Z - libllamadart_apple_macos-arm64 (ID: 5476940238, Size: 8669406, Expected Digest: sha256:ee28c1a59d06eab2813c3edc7a3b7bcfbec59f56b6c152ae5c640242b45dfcb4)
test-desktop (macos-latest)	UNKNOWN STEP	2026-02-12T04:25:19.9414640Z (node:1865) [DEP0005] DeprecationWarning: Buffer() is deprecated due to security and usability issues. Please use the Buffer.alloc(), Buffer.allocUnsafe(), or Buffer.from() methods instead.
test-desktop (macos-latest)	UNKNOWN STEP	2026-02-12T04:25:19.9526770Z (Use `node --trace-deprecation ...` to show where the warning was created)
test-desktop (macos-latest)	UNKNOWN STEP	2026-02-12T04:25:20.3328200Z Redirecting to blob download url: https://productionresultssa6.blob.core.windows.net/actions-results/93d9cf5e-40f8-4b50-99e6-1a2d18e527ca/workflow-job-run-3944b591-a130-582e-97d9-07d63c0898ca/artifacts/82c134fd24a8e3a4c45dfe8267b33eeb7e163d860ac932f20a4cab3aa6cc8202.zip
test-desktop (macos-latest)	UNKNOWN STEP	2026-02-12T04:25:20.3329530Z Starting download of artifact to: /Users/runner/work/llamadart/llamadart/artifacts/libllamadart_windows_x64
test-desktop (macos-latest)	UNKNOWN STEP	2026-02-12T04:25:20.3339440Z Redirecting to blob download url: https://productionresultssa6.blob.core.windows.net/actions-results/93d9cf5e-40f8-4b50-99e6-1a2d18e527ca/workflow-job-run-5625ee8a-c191-5657-b248-e7e9aeeedb03/artifacts/a207ecc145b1f51746a5ea309dd0b1a9765f0f3c70c87012aa4bdeeaf0cfa7c6.zip
test-desktop (macos-latest)	UNKNOWN STEP	2026-02-12T04:25:20.3340690Z Starting download of artifact to: /Users/runner/work/llamadart/llamadart/artifacts/libllamadart_apple_ios-sim-arm64
test-desktop (macos-latest)	UNKNOWN STEP	2026-02-12T04:25:20.3344170Z Redirecting to blob download url: https://productionresultssa6.blob.core.windows.net/actions-results/93d9cf5e-40f8-4b50-99e6-1a2d18e527ca/workflow-job-run-113febac-dc5e-5a9d-905c-545adde4af1c/artifacts/309f306b18ba7754d64816abbab5f07aa042c73cefd704e3e119f5910315315f.zip
test-desktop (macos-latest)	UNKNOWN STEP	2026-02-12T04:25:20.3345530Z Starting download of artifact to: /Users/runner/work/llamadart/llamadart/artifacts/libllamadart_apple_ios-sim-x86_64
test-desktop (macos-latest)	UNKNOWN STEP	2026-02-12T04:25:20.3419740Z Redirecting to blob download url: https://productionresultssa6.blob.core.windows.net/actions-results/93d9cf5e-40f8-4b50-99e6-1a2d18e527ca/workflow-job-run-0f39abb4-7cb1-5f2e-b9c1-4cdc3e7ae5e3/artifacts/789161c99e439d4c7cdd061266c2c3ca5df245fa64b250ed9e10501c07a58d95.zip
test-desktop (macos-latest)	UNKNOWN STEP	2026-02-12T04:25:20.3433230Z Starting download of artifact to: /Users/runner/work/llamadart/llamadart/artifacts/updated_source
test-desktop (macos-latest)	UNKNOWN STEP	2026-02-12T04:25:20.3442510Z Redirecting to blob download url: https://productionresultssa6.blob.core.windows.net/actions-results/93d9cf5e-40f8-4b50-99e6-1a2d18e527ca/workflow-job-run-b7838265-399e-5cd7-b392-4047fa08753c/artifacts/b5a65bba127e43d998d1666a80019ca66a9f80dfb745e7bdf01248708b0a35bb.zip
test-desktop (macos-latest)	UNKNOWN STEP	2026-02-12T04:25:20.3445700Z Starting download of artifact to: /Users/runner/work/llamadart/llamadart/artifacts/libllamadart_android_x86_64
test-desktop (macos-latest)	UNKNOWN STEP	2026-02-12T04:25:20.3459750Z Redirecting to blob download url: https://productionresultssa6.blob.core.windows.net/actions-results/93d9cf5e-40f8-4b50-99e6-1a2d18e527ca/workflow-job-run-1accbae9-776b-5641-9fa8-58e5a9aa21a5/artifacts/f4bb7ad7fae304829b8f0f4180faac8414d4f13d49017ec938634d59beca64e5.zip
test-desktop (macos-latest)	UNKNOWN STEP	2026-02-12T04:25:20.3463790Z Starting download of artifact to: /Users/runner/work/llamadart/llamadart/artifacts/libllamadart_apple_macos-arm64
test-desktop (macos-latest)	UNKNOWN STEP	2026-02-12T04:25:20.3472200Z Redirecting to blob download url: https://productionresultssa6.blob.core.windows.net/actions-results/93d9cf5e-40f8-4b50-99e6-1a2d18e527ca/workflow-job-run-9960ec7a-7eaa-5db8-b505-1d348840c559/artifacts/511b321781598942026bba0ff3a02e5c6c0021b84e3d0eede10bdbc81de498fe.zip
test-desktop (macos-latest)	UNKNOWN STEP	2026-02-12T04:25:20.3475670Z Starting download of artifact to: /Users/runner/work/llamadart/llamadart/artifacts/libllamadart_apple_macos-x86_64
test-desktop (macos-latest)	UNKNOWN STEP	2026-02-12T04:25:20.3489500Z Redirecting to blob download url: https://productionresultssa6.blob.core.windows.net/actions-results/93d9cf5e-40f8-4b50-99e6-1a2d18e527ca/workflow-job-run-851d191f-021b-588a-9d34-d8b7e1b21a54/artifacts/be1fef7be7e4f8897f57765ad3baa78e34edc810745bc006d31aa17747bba6d2.zip
test-desktop (macos-latest)	UNKNOWN STEP	2026-02-12T04:25:20.3492920Z Starting download of artifact to: /Users/runner/work/llamadart/llamadart/artifacts/libllamadart_linux_arm64
test-desktop (macos-latest)	UNKNOWN STEP	2026-02-12T04:25:20.3505990Z Redirecting to blob download url: https://productionresultssa6.blob.core.windows.net/actions-results/93d9cf5e-40f8-4b50-99e6-1a2d18e527ca/workflow-job-run-a9de99a6-3388-5863-a511-b73aeee5aeb8/artifacts/b691148daa41e669cf062d367a6eb7d6f83c7809ac12b7a9bb86addb61b12c9d.zip
test-desktop (macos-latest)	UNKNOWN STEP	2026-02-12T04:25:20.3509460Z Starting download of artifact to: /Users/runner/work/llamadart/llamadart/artifacts/libllamadart_android_arm64-v8a
test-desktop (macos-latest)	UNKNOWN STEP	2026-02-12T04:25:20.3542810Z Redirecting to blob download url: https://productionresultssa6.blob.core.windows.net/actions-results/93d9cf5e-40f8-4b50-99e6-1a2d18e527ca/workflow-job-run-1924e840-fa46-51a6-afae-c9cd2ee166dd/artifacts/47703cf6db11deff93a14c229f2bab192ea4e9500e8c32562f3293b71d181648.zip
test-desktop (macos-latest)	UNKNOWN STEP	2026-02-12T04:25:20.3546200Z Starting download of artifact to: /Users/runner/work/llamadart/llamadart/artifacts/libllamadart_apple_ios-device-arm64
test-desktop (macos-latest)	UNKNOWN STEP	2026-02-12T04:25:20.3567210Z Redirecting to blob download url: https://productionresultssa6.blob.core.windows.net/actions-results/93d9cf5e-40f8-4b50-99e6-1a2d18e527ca/workflow-job-run-06e54c70-0586-50a0-bda2-d99832243ae4/artifacts/27ac8e4ce1dc9850a48ba6f7e214e2150253dd651f7ae2a011f9a0624c675ef2.zip
test-desktop (macos-latest)	UNKNOWN STEP	2026-02-12T04:25:20.3568950Z Starting download of artifact to: /Users/runner/work/llamadart/llamadart/artifacts/libllamadart_linux_x64
test-desktop (macos-latest)	UNKNOWN STEP	2026-02-12T04:25:20.3569820Z SHA256 digest of downloaded artifact is cb92622a0e9daa9dd54340416afbd8ac66548910f26a7826a8dd5012af6c0b8b
test-desktop (macos-latest)	UNKNOWN STEP	2026-02-12T04:25:20.3570630Z Artifact download completed successfully.
test-desktop (macos-latest)	UNKNOWN STEP	2026-02-12T04:25:21.0209210Z SHA256 digest of downloaded artifact is f3506605fbf4181f6afc715b176cb518f37eb7632a442ad8c3e8e5915007f605
test-desktop (macos-latest)	UNKNOWN STEP	2026-02-12T04:25:21.0356350Z Artifact download completed successfully.
test-desktop (macos-latest)	UNKNOWN STEP	2026-02-12T04:25:22.2165590Z SHA256 digest of downloaded artifact is 15f492e81cc8ff172402de3ec681186e8f2fd7bba3a958c229de6796c1fa9391
test-desktop (macos-latest)	UNKNOWN STEP	2026-02-12T04:25:22.2272080Z Artifact download completed successfully.
test-desktop (macos-latest)	UNKNOWN STEP	2026-02-12T04:25:22.2461750Z SHA256 digest of downloaded artifact is 275cafee01525df87121015348de72e7c0ff6d19690634d39675a2b1a92fefe6
test-desktop (macos-latest)	UNKNOWN STEP	2026-02-12T04:25:22.2566000Z Artifact download completed successfully.
test-desktop (macos-latest)	UNKNOWN STEP	2026-02-12T04:25:22.2677390Z SHA256 digest of downloaded artifact is c4cb5e405526ae6c918d846c3e60e4179e2caa4cb05b6f5d3946286c9fa8a619
test-desktop (macos-latest)	UNKNOWN STEP	2026-02-12T04:25:22.2865670Z Artifact download completed successfully.
test-desktop (macos-latest)	UNKNOWN STEP	2026-02-12T04:25:22.2971690Z SHA256 digest of downloaded artifact is b0391fa19aab6ea0425cba99881e8125f882d658073d1c5887b2d3cd19a23592
test-desktop (macos-latest)	UNKNOWN STEP	2026-02-12T04:25:22.3073520Z Artifact download completed successfully.
test-desktop (macos-latest)	UNKNOWN STEP	2026-02-12T04:25:22.3177920Z SHA256 digest of downloaded artifact is ee28c1a59d06eab2813c3edc7a3b7bcfbec59f56b6c152ae5c640242b45dfcb4
test-desktop (macos-latest)	UNKNOWN STEP	2026-02-12T04:25:22.3289150Z Artifact download completed successfully.
test-desktop (macos-latest)	UNKNOWN STEP	2026-02-12T04:25:22.7391140Z SHA256 digest of downloaded artifact is 55584124fae01b589a3c6f5395858a252d0c7a436d69acdfc3b85952fe49a8f9
test-desktop (macos-latest)	UNKNOWN STEP	2026-02-12T04:25:22.7493700Z Artifact download completed successfully.
test-desktop (macos-latest)	UNKNOWN STEP	2026-02-12T04:25:22.7599700Z SHA256 digest of downloaded artifact is 21ccc258392967a4da2bdc4a77656c3f78dc1617d3d1ace1653ca1063320444f
test-desktop (macos-latest)	UNKNOWN STEP	2026-02-12T04:25:22.7703480Z Artifact download completed successfully.
test-desktop (macos-latest)	UNKNOWN STEP	2026-02-12T04:25:22.8526190Z SHA256 digest of downloaded artifact is 138faea772aba0e2a8f22c8d0a68a8b3fae646e0e7f20cdb7280f33081c27e0f
test-desktop (macos-latest)	UNKNOWN STEP	2026-02-12T04:25:22.8626710Z Artifact download completed successfully.
test-desktop (macos-latest)	UNKNOWN STEP	2026-02-12T04:25:22.9851030Z SHA256 digest of downloaded artifact is 5fa491147da9382382e12427d4e4d0eec9aff691f8c28dc25436c8226cc22cb9
test-desktop (macos-latest)	UNKNOWN STEP	2026-02-12T04:25:22.9953600Z Artifact download completed successfully.
test-desktop (macos-latest)	UNKNOWN STEP	2026-02-12T04:25:23.0055070Z Total of 11 artifact(s) downloaded
test-desktop (macos-latest)	UNKNOWN STEP	2026-02-12T04:25:23.0156810Z Download artifact has finished successfully
test-desktop (macos-latest)	UNKNOWN STEP	2026-02-12T04:25:23.0552400Z ##[group]Run actions/cache@v4
test-desktop (macos-latest)	UNKNOWN STEP	2026-02-12T04:25:23.0552870Z with:
test-desktop (macos-latest)	UNKNOWN STEP	2026-02-12T04:25:23.0553660Z   path: models
test-desktop (macos-latest)	UNKNOWN STEP	2026-02-12T04:25:23.0554060Z   key: test-model-stories15M
test-desktop (macos-latest)	UNKNOWN STEP	2026-02-12T04:25:23.0554410Z   enableCrossOsArchive: false
test-desktop (macos-latest)	UNKNOWN STEP	2026-02-12T04:25:23.0554770Z   fail-on-cache-miss: false
test-desktop (macos-latest)	UNKNOWN STEP	2026-02-12T04:25:23.0555100Z   lookup-only: false
test-desktop (macos-latest)	UNKNOWN STEP	2026-02-12T04:25:23.0555470Z   save-always: false
test-desktop (macos-latest)	UNKNOWN STEP	2026-02-12T04:25:23.0555780Z env:
test-desktop (macos-latest)	UNKNOWN STEP	2026-02-12T04:25:23.0556060Z   CMAKE_C_COMPILER_LAUNCHER: ccache
test-desktop (macos-latest)	UNKNOWN STEP	2026-02-12T04:25:23.0556430Z   CMAKE_CXX_COMPILER_LAUNCHER: ccache
test-desktop (macos-latest)	UNKNOWN STEP	2026-02-12T04:25:23.0556900Z   FLUTTER_ROOT: /Users/runner/hostedtoolcache/flutter/stable-3.41.0-arm64
test-desktop (macos-latest)	UNKNOWN STEP	2026-02-12T04:25:23.0557460Z   PUB_CACHE: /Users/runner/.pub-cache
test-desktop (macos-latest)	UNKNOWN STEP	2026-02-12T04:25:23.0557800Z ##[endgroup]
test-desktop (macos-latest)	UNKNOWN STEP	2026-02-12T04:25:23.7179160Z Cache hit for: test-model-stories15M
test-desktop (macos-latest)	UNKNOWN STEP	2026-02-12T04:25:24.8599180Z Received 4194304 of 180466322 (2.3%), 4.0 MBs/sec
test-desktop (macos-latest)	UNKNOWN STEP	2026-02-12T04:25:25.8806790Z Received 104857600 of 180466322 (58.1%), 49.4 MBs/sec
test-desktop (macos-latest)	UNKNOWN STEP	2026-02-12T04:25:26.8797890Z Received 167883410 of 180466322 (93.0%), 52.9 MBs/sec
test-desktop (macos-latest)	UNKNOWN STEP	2026-02-12T04:25:27.9063280Z Received 180466322 of 180466322 (100.0%), 42.5 MBs/sec
test-desktop (macos-latest)	UNKNOWN STEP	2026-02-12T04:25:27.9167290Z Cache Size: ~172 MB (180466322 B)
test-desktop (macos-latest)	UNKNOWN STEP	2026-02-12T04:25:27.9273950Z [command]/opt/homebrew/bin/gtar -xf /Users/runner/work/_temp/1e5bb9f8-7fad-433e-8539-249923bbb182/cache.tzst -P -C /Users/runner/work/llamadart/llamadart --delay-directory-restore --use-compress-program unzstd
test-desktop (macos-latest)	UNKNOWN STEP	2026-02-12T04:25:28.6637590Z Cache restored successfully
test-desktop (macos-latest)	UNKNOWN STEP	2026-02-12T04:25:28.6912720Z Cache restored from key: test-model-stories15M
test-desktop (macos-latest)	UNKNOWN STEP	2026-02-12T04:25:28.7344460Z ##[group]Run mkdir -p third_party/bin/linux/x64
test-desktop (macos-latest)	UNKNOWN STEP	2026-02-12T04:25:28.7346320Z [36;1mmkdir -p third_party/bin/linux/x64[0m
test-desktop (macos-latest)	UNKNOWN STEP	2026-02-12T04:25:28.7346760Z [36;1mmkdir -p third_party/bin/macos/arm64[0m
test-desktop (macos-latest)	UNKNOWN STEP	2026-02-12T04:25:28.7347220Z [36;1mmkdir -p third_party/bin/macos/x64[0m
test-desktop (macos-latest)	UNKNOWN STEP	2026-02-12T04:25:28.7347610Z [36;1mmkdir -p third_party/bin/windows/x64[0m
test-desktop (macos-latest)	UNKNOWN STEP	2026-02-12T04:25:28.7348030Z [36;1m[0m
test-desktop (macos-latest)	UNKNOWN STEP	2026-02-12T04:25:28.7348430Z [36;1m# Linux[0m
test-desktop (macos-latest)	UNKNOWN STEP	2026-02-12T04:25:28.7348650Z [36;1mif [[ "macOS" == "Linux" ]]; then[0m
test-desktop (macos-latest)	UNKNOWN STEP	2026-02-12T04:25:28.7349400Z [36;1m  find artifacts/libllamadart_linux_x64 -name "libllamadart.so" -exec cp {} third_party/bin/linux/x64/libllamadart-linux-x64.so \;[0m
test-desktop (macos-latest)	UNKNOWN STEP	2026-02-12T04:25:28.7350060Z [36;1mfi[0m
test-desktop (macos-latest)	UNKNOWN STEP	2026-02-12T04:25:28.7350500Z [36;1m# macOS[0m
test-desktop (macos-latest)	UNKNOWN STEP	2026-02-12T04:25:28.7351420Z [36;1mif [[ "macOS" == "macOS" ]]; then[0m
test-desktop (macos-latest)	UNKNOWN STEP	2026-02-12T04:25:28.7351840Z [36;1m  ARCH=$(uname -m)[0m
test-desktop (macos-latest)	UNKNOWN STEP	2026-02-12T04:25:28.7352510Z [36;1m  # Standardize arch name for hook (x86_64 -> x64)[0m
test-desktop (macos-latest)	UNKNOWN STEP	2026-02-12T04:25:28.7352870Z [36;1m  HOOK_ARCH=$ARCH[0m
test-desktop (macos-latest)	UNKNOWN STEP	2026-02-12T04:25:28.7353280Z [36;1m  if [ "$ARCH" == "x86_64" ]; then HOOK_ARCH="x64"; fi[0m
test-desktop (macos-latest)	UNKNOWN STEP	2026-02-12T04:25:28.7353740Z [36;1m  [0m
test-desktop (macos-latest)	UNKNOWN STEP	2026-02-12T04:25:28.7354180Z [36;1m  mkdir -p "third_party/bin/macos/$HOOK_ARCH"[0m
test-desktop (macos-latest)	UNKNOWN STEP	2026-02-12T04:25:28.7354510Z [36;1m  if [ "$ARCH" == "arm64" ]; then[0m
test-desktop (macos-latest)	UNKNOWN STEP	2026-02-12T04:25:28.7355160Z [36;1m    find artifacts/libllamadart_apple_macos-arm64 -name "libllamadart.dylib" -exec cp {} third_party/bin/macos/arm64/libllamadart-macos-arm64.dylib \;[0m
test-desktop (macos-latest)	UNKNOWN STEP	2026-02-12T04:25:28.7355840Z [36;1m  else[0m
test-desktop (macos-latest)	UNKNOWN STEP	2026-02-12T04:25:28.7356510Z [36;1m    find artifacts/libllamadart_apple_macos-x86_64 -name "libllamadart.dylib" -exec cp {} third_party/bin/macos/x64/libllamadart-macos-x86_64.dylib \;[0m
test-desktop (macos-latest)	UNKNOWN STEP	2026-02-12T04:25:28.7357330Z [36;1m  fi[0m
test-desktop (macos-latest)	UNKNOWN STEP	2026-02-12T04:25:28.7357720Z [36;1mfi[0m
test-desktop (macos-latest)	UNKNOWN STEP	2026-02-12T04:25:28.7358050Z [36;1m# Windows[0m
test-desktop (macos-latest)	UNKNOWN STEP	2026-02-12T04:25:28.7358340Z [36;1mif [[ "macOS" == "Windows" ]]; then[0m
test-desktop (macos-latest)	UNKNOWN STEP	2026-02-12T04:25:28.7359070Z [36;1m  find artifacts/libllamadart_windows_x64 -name "libllamadart.dll" -exec cp {} third_party/bin/windows/x64/libllamadart-windows-x64.dll \;[0m
test-desktop (macos-latest)	UNKNOWN STEP	2026-02-12T04:25:28.7359850Z [36;1mfi[0m
test-desktop (macos-latest)	UNKNOWN STEP	2026-02-12T04:25:28.7746640Z shell: /bin/bash --noprofile --norc -e -o pipefail {0}
test-desktop (macos-latest)	UNKNOWN STEP	2026-02-12T04:25:28.7747590Z env:
test-desktop (macos-latest)	UNKNOWN STEP	2026-02-12T04:25:28.7748360Z   CMAKE_C_COMPILER_LAUNCHER: ccache
test-desktop (macos-latest)	UNKNOWN STEP	2026-02-12T04:25:28.7749170Z   CMAKE_CXX_COMPILER_LAUNCHER: ccache
test-desktop (macos-latest)	UNKNOWN STEP	2026-02-12T04:25:28.7750320Z   FLUTTER_ROOT: /Users/runner/hostedtoolcache/flutter/stable-3.41.0-arm64
test-desktop (macos-latest)	UNKNOWN STEP	2026-02-12T04:25:28.7751500Z   PUB_CACHE: /Users/runner/.pub-cache
test-desktop (macos-latest)	UNKNOWN STEP	2026-02-12T04:25:28.7752370Z ##[endgroup]
test-desktop (macos-latest)	UNKNOWN STEP	2026-02-12T04:25:28.9926360Z ##[group]Run flutter pub get
test-desktop (macos-latest)	UNKNOWN STEP	2026-02-12T04:25:28.9927530Z [36;1mflutter pub get[0m
test-desktop (macos-latest)	UNKNOWN STEP	2026-02-12T04:25:28.9928980Z [36;1mmkdir -p models[0m
test-desktop (macos-latest)	UNKNOWN STEP	2026-02-12T04:25:28.9929370Z [36;1mif [ ! -f "models/stories15M.gguf" ]; then[0m
test-desktop (macos-latest)	UNKNOWN STEP	2026-02-12T04:25:28.9930780Z [36;1m  curl -L https://huggingface.co/ggml-org/tiny-llamas/resolve/main/stories15M.gguf -o models/stories15M.gguf[0m
test-desktop (macos-latest)	UNKNOWN STEP	2026-02-12T04:25:28.9933620Z [36;1mfi[0m
test-desktop (macos-latest)	UNKNOWN STEP	2026-02-12T04:25:28.9935300Z [36;1mdart test --timeout 5m test/integration/inference_smoke_test.dart[0m
test-desktop (macos-latest)	UNKNOWN STEP	2026-02-12T04:25:29.0032630Z shell: /bin/bash --noprofile --norc -e -o pipefail {0}
test-desktop (macos-latest)	UNKNOWN STEP	2026-02-12T04:25:29.0033100Z env:
test-desktop (macos-latest)	UNKNOWN STEP	2026-02-12T04:25:29.0033340Z   CMAKE_C_COMPILER_LAUNCHER: ccache
test-desktop (macos-latest)	UNKNOWN STEP	2026-02-12T04:25:29.0033760Z   CMAKE_CXX_COMPILER_LAUNCHER: ccache
test-desktop (macos-latest)	UNKNOWN STEP	2026-02-12T04:25:29.0034210Z   FLUTTER_ROOT: /Users/runner/hostedtoolcache/flutter/stable-3.41.0-arm64
test-desktop (macos-latest)	UNKNOWN STEP	2026-02-12T04:25:29.0035750Z   PUB_CACHE: /Users/runner/.pub-cache
test-desktop (macos-latest)	UNKNOWN STEP	2026-02-12T04:25:29.0037270Z ##[endgroup]
test-desktop (macos-latest)	UNKNOWN STEP	2026-02-12T04:25:33.6534920Z Resolving dependencies...
test-desktop (macos-latest)	UNKNOWN STEP	2026-02-12T04:25:34.2823830Z Downloading packages...
test-desktop (macos-latest)	UNKNOWN STEP	2026-02-12T04:25:34.6927380Z + _fe_analyzer_shared 92.0.0 (94.0.0 available)
test-desktop (macos-latest)	UNKNOWN STEP	2026-02-12T04:25:34.7022920Z + analyzer 9.0.0 (10.0.2 available)
test-desktop (macos-latest)	UNKNOWN STEP	2026-02-12T04:25:34.7023950Z + args 2.7.0
test-desktop (macos-latest)	UNKNOWN STEP	2026-02-12T04:25:34.7026090Z + async 2.13.0
test-desktop (macos-latest)	UNKNOWN STEP	2026-02-12T04:25:34.7027240Z + boolean_selector 2.1.2
test-desktop (macos-latest)	UNKNOWN STEP	2026-02-12T04:25:34.7028670Z + characters 1.4.1
test-desktop (macos-latest)	UNKNOWN STEP	2026-02-12T04:25:34.7029820Z + cli_config 0.2.0
test-desktop (macos-latest)	UNKNOWN STEP	2026-02-12T04:25:34.7030960Z + cli_util 0.4.2
test-desktop (macos-latest)	UNKNOWN STEP	2026-02-12T04:25:34.7032440Z + clock 1.1.2
test-desktop (macos-latest)	UNKNOWN STEP	2026-02-12T04:25:34.7033360Z + code_assets 1.0.0
test-desktop (macos-latest)	UNKNOWN STEP	2026-02-12T04:25:34.7035560Z + collection 1.19.1
test-desktop (macos-latest)	UNKNOWN STEP	2026-02-12T04:25:34.7044210Z + convert 3.1.2
test-desktop (macos-latest)	UNKNOWN STEP	2026-02-12T04:25:34.7044770Z + coverage 1.15.0
test-desktop (macos-latest)	UNKNOWN STEP	2026-02-12T04:25:34.7045290Z + crypto 3.0.7
test-desktop (macos-latest)	UNKNOWN STEP	2026-02-12T04:25:34.7045790Z + dart_style 3.1.3 (3.1.5 available)
test-desktop (macos-latest)	UNKNOWN STEP	2026-02-12T04:25:34.7046500Z + dinja 1.0.0
test-desktop (macos-latest)	UNKNOWN STEP	2026-02-12T04:25:34.7046970Z + fake_async 1.3.3
test-desktop (macos-latest)	UNKNOWN STEP	2026-02-12T04:25:34.7047410Z + ffi 2.2.0
test-desktop (macos-latest)	UNKNOWN STEP	2026-02-12T04:25:34.7048190Z + ffigen 20.1.1
test-desktop (macos-latest)	UNKNOWN STEP	2026-02-12T04:25:34.7048830Z + file 7.0.1
test-desktop (macos-latest)	UNKNOWN STEP	2026-02-12T04:25:34.7050790Z + flutter 0.0.0 from sdk flutter
test-desktop (macos-latest)	UNKNOWN STEP	2026-02-12T04:25:34.7054840Z + flutter_driver 0.0.0 from sdk flutter
test-desktop (macos-latest)	UNKNOWN STEP	2026-02-12T04:25:34.7055840Z + flutter_test 0.0.0 from sdk flutter
test-desktop (macos-latest)	UNKNOWN STEP	2026-02-12T04:25:34.7056860Z + frontend_server_client 4.0.0
test-desktop (macos-latest)	UNKNOWN STEP	2026-02-12T04:25:34.7057830Z + fuchsia_remote_debug_protocol 0.0.0 from sdk flutter
test-desktop (macos-latest)	UNKNOWN STEP	2026-02-12T04:25:34.7058840Z + glob 2.1.3
test-desktop (macos-latest)	UNKNOWN STEP	2026-02-12T04:25:34.7060080Z + hooks 1.0.1
test-desktop (macos-latest)	UNKNOWN STEP	2026-02-12T04:25:34.7060900Z + http 1.6.0
test-desktop (macos-latest)	UNKNOWN STEP	2026-02-12T04:25:34.7061780Z + http_multi_server 3.2.2
test-desktop (macos-latest)	UNKNOWN STEP	2026-02-12T04:25:34.7064250Z + http_parser 4.1.2
test-desktop (macos-latest)	UNKNOWN STEP	2026-02-12T04:25:34.7064760Z + integration_test 0.0.0 from sdk flutter
test-desktop (macos-latest)	UNKNOWN STEP	2026-02-12T04:25:34.7065190Z + io 1.0.5
test-desktop (macos-latest)	UNKNOWN STEP	2026-02-12T04:25:34.7065550Z + json_rpc_2 4.0.0
test-desktop (macos-latest)	UNKNOWN STEP	2026-02-12T04:25:34.7065920Z + leak_tracker 11.0.2
test-desktop (macos-latest)	UNKNOWN STEP	2026-02-12T04:25:34.7066420Z + leak_tracker_flutter_testing 3.0.10
test-desktop (macos-latest)	UNKNOWN STEP	2026-02-12T04:25:34.7071440Z + leak_tracker_testing 3.0.2
test-desktop (macos-latest)	UNKNOWN STEP	2026-02-12T04:25:34.7072340Z + lints 6.1.0
test-desktop (macos-latest)	UNKNOWN STEP	2026-02-12T04:25:34.7073330Z + logging 1.3.0
test-desktop (macos-latest)	UNKNOWN STEP	2026-02-12T04:25:34.7074730Z + matcher 0.12.18
test-desktop (macos-latest)	UNKNOWN STEP	2026-02-12T04:25:34.7075530Z + material_color_utilities 0.13.0
test-desktop (macos-latest)	UNKNOWN STEP	2026-02-12T04:25:34.7076440Z + meta 1.17.0 (1.18.1 available)
test-desktop (macos-latest)	UNKNOWN STEP	2026-02-12T04:25:34.7077310Z + mime 2.0.0
test-desktop (macos-latest)	UNKNOWN STEP	2026-02-12T04:25:34.7078160Z + native_toolchain_c 0.17.4
test-desktop (macos-latest)	UNKNOWN STEP	2026-02-12T04:25:34.7079020Z + node_preamble 2.0.2
test-desktop (macos-latest)	UNKNOWN STEP	2026-02-12T04:25:34.7079830Z + objective_c 9.3.0
test-desktop (macos-latest)	UNKNOWN STEP	2026-02-12T04:25:34.7080670Z + package_config 2.2.0
test-desktop (macos-latest)	UNKNOWN STEP	2026-02-12T04:25:34.7082040Z + path 1.9.1
test-desktop (macos-latest)	UNKNOWN STEP	2026-02-12T04:25:34.7083040Z + path_provider 2.1.5
test-desktop (macos-latest)	UNKNOWN STEP	2026-02-12T04:25:34.7083840Z + path_provider_android 2.2.22
test-desktop (macos-latest)	UNKNOWN STEP	2026-02-12T04:25:34.7085790Z + path_provider_foundation 2.6.0
test-desktop (macos-latest)	UNKNOWN STEP	2026-02-12T04:25:34.7086700Z + path_provider_linux 2.2.1
test-desktop (macos-latest)	UNKNOWN STEP	2026-02-12T04:25:34.7087530Z + path_provider_platform_interface 2.1.2
test-desktop (macos-latest)	UNKNOWN STEP	2026-02-12T04:25:34.7090450Z + path_provider_windows 2.3.0
test-desktop (macos-latest)	UNKNOWN STEP	2026-02-12T04:25:34.7090890Z + platform 3.1.6
test-desktop (macos-latest)	UNKNOWN STEP	2026-02-12T04:25:34.7091230Z + plugin_platform_interface 2.1.8
test-desktop (macos-latest)	UNKNOWN STEP	2026-02-12T04:25:34.7091650Z + pool 1.5.2
test-desktop (macos-latest)	UNKNOWN STEP	2026-02-12T04:25:34.7093090Z + process 5.0.5
test-desktop (macos-latest)	UNKNOWN STEP	2026-02-12T04:25:34.7093520Z + pub_semver 2.2.0
test-desktop (macos-latest)	UNKNOWN STEP	2026-02-12T04:25:34.7093840Z + quiver 3.2.2
test-desktop (macos-latest)	UNKNOWN STEP	2026-02-12T04:25:34.7094140Z + shelf 1.4.2
test-desktop (macos-latest)	UNKNOWN STEP	2026-02-12T04:25:34.7094450Z + shelf_packages_handler 3.0.2
test-desktop (macos-latest)	UNKNOWN STEP	2026-02-12T04:25:34.7095080Z + shelf_static 1.1.3
test-desktop (macos-latest)	UNKNOWN STEP	2026-02-12T04:25:34.7095440Z + shelf_web_socket 3.0.0
test-desktop (macos-latest)	UNKNOWN STEP	2026-02-12T04:25:34.7095740Z + sky_engine 0.0.0 from sdk flutter
test-desktop (macos-latest)	UNKNOWN STEP	2026-02-12T04:25:34.7097380Z + source_map_stack_trace 2.1.2
test-desktop (macos-latest)	UNKNOWN STEP	2026-02-12T04:25:34.7099080Z + source_maps 0.10.13
test-desktop (macos-latest)	UNKNOWN STEP	2026-02-12T04:25:34.7100560Z + source_span 1.10.2
test-desktop (macos-latest)	UNKNOWN STEP	2026-02-12T04:25:34.7101740Z + stack_trace 1.12.1
test-desktop (macos-latest)	UNKNOWN STEP	2026-02-12T04:25:34.7103040Z + stream_channel 2.1.4
test-desktop (macos-latest)	UNKNOWN STEP	2026-02-12T04:25:34.7104140Z + string_scanner 1.4.1
test-desktop (macos-latest)	UNKNOWN STEP	2026-02-12T04:25:34.7104980Z + sync_http 0.3.1
test-desktop (macos-latest)	UNKNOWN STEP	2026-02-12T04:25:34.7105820Z + term_glyph 1.2.2
test-desktop (macos-latest)	UNKNOWN STEP	2026-02-12T04:25:34.7107150Z + test 1.28.0 (1.29.0 available)
test-desktop (macos-latest)	UNKNOWN STEP	2026-02-12T04:25:34.7108260Z + test_api 0.7.8 (0.7.9 available)
test-desktop (macos-latest)	UNKNOWN STEP	2026-02-12T04:25:34.7109200Z + test_core 0.6.14 (0.6.15 available)
test-desktop (macos-latest)	UNKNOWN STEP	2026-02-12T04:25:34.7110170Z + typed_data 1.4.0
test-desktop (macos-latest)	UNKNOWN STEP	2026-02-12T04:25:34.7110750Z + vector_math 2.2.0
test-desktop (macos-latest)	UNKNOWN STEP	2026-02-12T04:25:34.7111460Z + vm_service 15.0.2
test-desktop (macos-latest)	UNKNOWN STEP	2026-02-12T04:25:34.7112030Z + watcher 1.2.1
test-desktop (macos-latest)	UNKNOWN STEP	2026-02-12T04:25:34.7112800Z + web 1.1.1
test-desktop (macos-latest)	UNKNOWN STEP	2026-02-12T04:25:34.7114220Z + web_socket 1.0.1
test-desktop (macos-latest)	UNKNOWN STEP	2026-02-12T04:25:34.7115300Z + web_socket_channel 3.0.3
test-desktop (macos-latest)	UNKNOWN STEP	2026-02-12T04:25:34.7116060Z + webdriver 3.1.0
test-desktop (macos-latest)	UNKNOWN STEP	2026-02-12T04:25:34.7116870Z + webkit_inspection_protocol 1.2.1
test-desktop (macos-latest)	UNKNOWN STEP	2026-02-12T04:25:34.7117700Z + xdg_directories 1.1.0
test-desktop (macos-latest)	UNKNOWN STEP	2026-02-12T04:25:34.7118460Z + yaml 3.1.3
test-desktop (macos-latest)	UNKNOWN STEP	2026-02-12T04:25:34.7119500Z + yaml_edit 2.2.3
test-desktop (macos-latest)	UNKNOWN STEP	2026-02-12T04:25:34.7123870Z Changed 87 dependencies!
test-desktop (macos-latest)	UNKNOWN STEP	2026-02-12T04:25:34.7124460Z 7 packages have newer versions incompatible with dependency constraints.
test-desktop (macos-latest)	UNKNOWN STEP	2026-02-12T04:25:34.7125000Z Try `flutter pub outdated` for more information.
test-desktop (macos-latest)	UNKNOWN STEP	2026-02-12T04:25:53.4894160Z Running build hooks...Running build hooks...
test-desktop (macos-latest)	UNKNOWN STEP	2026-02-12T04:25:54.8945510Z ggml_metal_device_init: tensor API disabled for pre-M5 and pre-A19 devices
test-desktop (macos-latest)	UNKNOWN STEP	2026-02-12T04:26:09.3709760Z llama_model_load_from_file_impl: using device MTL0 (Apple Paravirtual device) (unknown id) - 4778 MiB free
test-desktop (macos-latest)	UNKNOWN STEP	2026-02-12T04:26:09.3769150Z llama_model_loader: loaded meta data with 18 key-value pairs and 57 tensors from /Users/runner/work/llamadart/llamadart/models/test_model.gguf (version GGUF V3 (latest))
test-desktop (macos-latest)	UNKNOWN STEP	2026-02-12T04:26:09.3816940Z llama_model_loader: Dumping metadata keys/values. Note: KV overrides do not apply in this output.
test-desktop (macos-latest)	UNKNOWN STEP	2026-02-12T04:26:09.3820780Z llama_model_loader: - kv   0:                      tokenizer.ggml.tokens arr[str,32000]   = ["<unk>", "<s>", "</s>", "<0x00>", "<...
test-desktop (macos-latest)	UNKNOWN STEP	2026-02-12T04:26:09.3905350Z llama_model_loader: - kv   1:                      tokenizer.ggml.scores arr[f32,32000]   = [0.000000, 0.000000, 0.000000, 0.0000...
test-desktop (macos-latest)	UNKNOWN STEP	2026-02-12T04:26:09.3942040Z llama_model_loader: - kv   2:                  tokenizer.ggml.token_type arr[i32,32000]   = [2, 3, 3, 6, 6, 6, 6, 6, 6, 6, 6, 6, ...
test-desktop (macos-latest)	UNKNOWN STEP	2026-02-12T04:26:09.3946050Z llama_model_loader: - kv   3:                       tokenizer.ggml.model str              = llama
test-desktop (macos-latest)	UNKNOWN STEP	2026-02-12T04:26:09.3947470Z llama_model_loader: - kv   4:                       general.architecture str              = llama
test-desktop (macos-latest)	UNKNOWN STEP	2026-02-12T04:26:09.3950110Z llama_model_loader: - kv   5:                               general.name str              = llama
test-desktop (macos-latest)	UNKNOWN STEP	2026-02-12T04:26:09.3951490Z llama_model_loader: - kv   6:            tokenizer.ggml.unknown_token_id u32              = 0
test-desktop (macos-latest)	UNKNOWN STEP	2026-02-12T04:26:09.3954900Z llama_model_loader: - kv   7:                tokenizer.ggml.bos_token_id u32              = 1
test-desktop (macos-latest)	UNKNOWN STEP	2026-02-12T04:26:09.3960750Z llama_model_loader: - kv   8:                tokenizer.ggml.eos_token_id u32              = 2
test-desktop (macos-latest)	UNKNOWN STEP	2026-02-12T04:26:09.3966160Z llama_model_loader: - kv   9:          tokenizer.ggml.seperator_token_id u32              = 4294967295
test-desktop (macos-latest)	UNKNOWN STEP	2026-02-12T04:26:09.3968740Z llama_model_loader: - kv  10:            tokenizer.ggml.padding_token_id u32              = 4294967295
test-desktop (macos-latest)	UNKNOWN STEP	2026-02-12T04:26:09.3972760Z llama_model_loader: - kv  11:                       llama.context_length u32              = 128
test-desktop (macos-latest)	UNKNOWN STEP	2026-02-12T04:26:09.3977180Z llama_model_loader: - kv  12:                     llama.embedding_length u32              = 288
test-desktop (macos-latest)	UNKNOWN STEP	2026-02-12T04:26:09.3978540Z llama_model_loader: - kv  13:                  llama.feed_forward_length u32              = 768
test-desktop (macos-latest)	UNKNOWN STEP	2026-02-12T04:26:09.3979700Z llama_model_loader: - kv  14:                 llama.attention.head_count u32              = 6
test-desktop (macos-latest)	UNKNOWN STEP	2026-02-12T04:26:09.3982600Z llama_model_loader: - kv  15:                          llama.block_count u32              = 6
test-desktop (macos-latest)	UNKNOWN STEP	2026-02-12T04:26:09.3986580Z llama_model_loader: - kv  16:                 llama.rope.dimension_count u32              = 48
test-desktop (macos-latest)	UNKNOWN STEP	2026-02-12T04:26:09.3988040Z llama_model_loader: - kv  17:     llama.attention.layer_norm_rms_epsilon f32              = 0.000010
test-desktop (macos-latest)	UNKNOWN STEP	2026-02-12T04:26:09.3992450Z llama_model_loader: - type  f32:   57 tensors
test-desktop (macos-latest)	UNKNOWN STEP	2026-02-12T04:26:09.3993440Z print_info: file format = GGUF V3 (latest)
test-desktop (macos-latest)	UNKNOWN STEP	2026-02-12T04:26:09.3996400Z print_info: file type   = all F32 (guessed)
test-desktop (macos-latest)	UNKNOWN STEP	2026-02-12T04:26:09.3997110Z print_info: file size   = 93.11 MiB (32.00 BPW) 
test-desktop (macos-latest)	UNKNOWN STEP	2026-02-12T04:26:09.4089080Z init_tokenizer: initializing tokenizer for type 1
test-desktop (macos-latest)	UNKNOWN STEP	2026-02-12T04:26:09.4090020Z load: bad special token: 'tokenizer.ggml.seperator_token_id' = 4294967295, using default id -1
test-desktop (macos-latest)	UNKNOWN STEP	2026-02-12T04:26:09.4091040Z load: bad special token: 'tokenizer.ggml.padding_token_id' = 4294967295, using default id -1
test-desktop (macos-latest)	UNKNOWN STEP	2026-02-12T04:26:09.4100160Z load: 0 unused tokens
test-desktop (macos-latest)	UNKNOWN STEP	2026-02-12T04:26:09.4101960Z load: control token:      1 '<s>' is not marked as EOG
test-desktop (macos-latest)	UNKNOWN STEP	2026-02-12T04:26:09.4103110Z load: control token:      2 '</s>' is not marked as EOG
test-desktop (macos-latest)	UNKNOWN STEP	2026-02-12T04:26:09.4105420Z load: special_eos_id is not in special_eog_ids - the tokenizer config may be incorrect
test-desktop (macos-latest)	UNKNOWN STEP	2026-02-12T04:26:09.4106240Z load: printing all EOG tokens:
test-desktop (macos-latest)	UNKNOWN STEP	2026-02-12T04:26:09.4106730Z load:   - 2 ('</s>')
test-desktop (macos-latest)	UNKNOWN STEP	2026-02-12T04:26:09.4107240Z load: special tokens cache size = 3
test-desktop (macos-latest)	UNKNOWN STEP	2026-02-12T04:26:09.4135600Z load: token to piece cache size = 0.1684 MB
test-desktop (macos-latest)	UNKNOWN STEP	2026-02-12T04:26:09.4139240Z print_info: arch                  = llama
test-desktop (macos-latest)	UNKNOWN STEP	2026-02-12T04:26:09.4140630Z print_info: vocab_only            = 0
test-desktop (macos-latest)	UNKNOWN STEP	2026-02-12T04:26:09.4141930Z print_info: no_alloc              = 0
test-desktop (macos-latest)	UNKNOWN STEP	2026-02-12T04:26:09.4142930Z print_info: n_ctx_train           = 128
test-desktop (macos-latest)	UNKNOWN STEP	2026-02-12T04:26:09.4143450Z print_info: n_embd                = 288
test-desktop (macos-latest)	UNKNOWN STEP	2026-02-12T04:26:09.4143970Z print_info: n_embd_inp            = 288
test-desktop (macos-latest)	UNKNOWN STEP	2026-02-12T04:26:09.4144450Z print_info: n_layer               = 6
test-desktop (macos-latest)	UNKNOWN STEP	2026-02-12T04:26:09.4145020Z print_info: n_head                = 6
test-desktop (macos-latest)	UNKNOWN STEP	2026-02-12T04:26:09.4145560Z print_info: n_head_kv             = 6
test-desktop (macos-latest)	UNKNOWN STEP	2026-02-12T04:26:09.4146090Z print_info: n_rot                 = 48
test-desktop (macos-latest)	UNKNOWN STEP	2026-02-12T04:26:09.4146650Z print_info: n_swa                 = 0
test-desktop (macos-latest)	UNKNOWN STEP	2026-02-12T04:26:09.4147150Z print_info: is_swa_any            = 0
test-desktop (macos-latest)	UNKNOWN STEP	2026-02-12T04:26:09.4147630Z print_info: n_embd_head_k         = 48
test-desktop (macos-latest)	UNKNOWN STEP	2026-02-12T04:26:09.4148200Z print_info: n_embd_head_v         = 48
test-desktop (macos-latest)	UNKNOWN STEP	2026-02-12T04:26:09.4148660Z print_info: n_gqa                 = 1
test-desktop (macos-latest)	UNKNOWN STEP	2026-02-12T04:26:09.4149200Z print_info: n_embd_k_gqa          = 288
test-desktop (macos-latest)	UNKNOWN STEP	2026-02-12T04:26:09.4149740Z print_info: n_embd_v_gqa          = 288
test-desktop (macos-latest)	UNKNOWN STEP	2026-02-12T04:26:09.4150240Z print_info: f_norm_eps            = 0.0e+00
test-desktop (macos-latest)	UNKNOWN STEP	2026-02-12T04:26:09.4150810Z print_info: f_norm_rms_eps        = 1.0e-05
test-desktop (macos-latest)	UNKNOWN STEP	2026-02-12T04:26:09.4151300Z print_info: f_clamp_kqv           = 0.0e+00
test-desktop (macos-latest)	UNKNOWN STEP	2026-02-12T04:26:09.4151800Z print_info: f_max_alibi_bias      = 0.0e+00
test-desktop (macos-latest)	UNKNOWN STEP	2026-02-12T04:26:09.4152290Z print_info: f_logit_scale         = 0.0e+00
test-desktop (macos-latest)	UNKNOWN STEP	2026-02-12T04:26:09.4152910Z print_info: f_attn_scale          = 0.0e+00
test-desktop (macos-latest)	UNKNOWN STEP	2026-02-12T04:26:09.4153380Z print_info: n_ff                  = 768
test-desktop (macos-latest)	UNKNOWN STEP	2026-02-12T04:26:09.4153920Z print_info: n_expert              = 0
test-desktop (macos-latest)	UNKNOWN STEP	2026-02-12T04:26:09.4154660Z print_info: n_expert_used         = 0
test-desktop (macos-latest)	UNKNOWN STEP	2026-02-12T04:26:09.4157780Z print_info: n_expert_groups       = 0
test-desktop (macos-latest)	UNKNOWN STEP	2026-02-12T04:26:09.4189670Z print_info: n_group_used          = 0
test-desktop (macos-latest)	UNKNOWN STEP	2026-02-12T04:26:09.4190370Z print_info: causal attn           = 1
test-desktop (macos-latest)	UNKNOWN STEP	2026-02-12T04:26:09.4191020Z print_info: pooling type          = 0
test-desktop (macos-latest)	UNKNOWN STEP	2026-02-12T04:26:09.4191490Z print_info: rope type             = 0
test-desktop (macos-latest)	UNKNOWN STEP	2026-02-12T04:26:09.4193800Z print_info: rope scaling          = linear
test-desktop (macos-latest)	UNKNOWN STEP	2026-02-12T04:26:09.4194470Z print_info: freq_base_train       = 10000.0
test-desktop (macos-latest)	UNKNOWN STEP	2026-02-12T04:26:09.4195090Z print_info: freq_scale_train      = 1
test-desktop (macos-latest)	UNKNOWN STEP	2026-02-12T04:26:09.4195770Z print_info: n_ctx_orig_yarn       = 128
test-desktop (macos-latest)	UNKNOWN STEP	2026-02-12T04:26:09.4196350Z print_info: rope_yarn_log_mul     = 0.0000
test-desktop (macos-latest)	UNKNOWN STEP	2026-02-12T04:26:09.4197040Z print_info: rope_finetuned        = unknown
test-desktop (macos-latest)	UNKNOWN STEP	2026-02-12T04:26:09.4197570Z print_info: model type            = ?B
test-desktop (macos-latest)	UNKNOWN STEP	2026-02-12T04:26:09.4198100Z print_info: model params          = 24.41 M
test-desktop (macos-latest)	UNKNOWN STEP	2026-02-12T04:26:09.4198710Z print_info: general.name          = llama
test-desktop (macos-latest)	UNKNOWN STEP	2026-02-12T04:26:09.4199370Z print_info: vocab type            = SPM
test-desktop (macos-latest)	UNKNOWN STEP	2026-02-12T04:26:09.4199850Z print_info: n_vocab               = 32000
test-desktop (macos-latest)	UNKNOWN STEP	2026-02-12T04:26:09.4200240Z print_info: n_merges              = 0
test-desktop (macos-latest)	UNKNOWN STEP	2026-02-12T04:26:09.4200670Z print_info: BOS token             = 1 '<s>'
test-desktop (macos-latest)	UNKNOWN STEP	2026-02-12T04:26:09.4201080Z print_info: EOS token             = 2 '</s>'
test-desktop (macos-latest)	UNKNOWN STEP	2026-02-12T04:26:09.4201500Z print_info: UNK token             = 0 '<unk>'
test-desktop (macos-latest)	UNKNOWN STEP	2026-02-12T04:26:09.4201850Z print_info: LF token              = 13 '<0x0A>'
test-desktop (macos-latest)	UNKNOWN STEP	2026-02-12T04:26:09.4202370Z print_info: EOG token             = 2 '</s>'
test-desktop (macos-latest)	UNKNOWN STEP	2026-02-12T04:26:09.4202780Z print_info: max token length      = 48
test-desktop (macos-latest)	UNKNOWN STEP	2026-02-12T04:26:09.4203340Z load_tensors: loading model tensors, this can take a while... (mmap = true, direct_io = false)
test-desktop (macos-latest)	UNKNOWN STEP	2026-02-12T04:26:09.4203990Z load_tensors: layer   0 assigned to device CPU, is_swa = 0
test-desktop (macos-latest)	UNKNOWN STEP	2026-02-12T04:26:09.4204540Z load_tensors: layer   1 assigned to device CPU, is_swa = 0
test-desktop (macos-latest)	UNKNOWN STEP	2026-02-12T04:26:09.4205000Z load_tensors: layer   2 assigned to device CPU, is_swa = 0
test-desktop (macos-latest)	UNKNOWN STEP	2026-02-12T04:26:09.4205480Z load_tensors: layer   3 assigned to device CPU, is_swa = 0
test-desktop (macos-latest)	UNKNOWN STEP	2026-02-12T04:26:09.4205950Z load_tensors: layer   4 assigned to device CPU, is_swa = 0
test-desktop (macos-latest)	UNKNOWN STEP	2026-02-12T04:26:09.4206490Z load_tensors: layer   5 assigned to device CPU, is_swa = 0
test-desktop (macos-latest)	UNKNOWN STEP	2026-02-12T04:26:09.4207020Z load_tensors: layer   6 assigned to device CPU, is_swa = 0
test-desktop (macos-latest)	UNKNOWN STEP	2026-02-12T04:26:09.4207540Z create_tensor: loading tensor token_embd.weight
test-desktop (macos-latest)	UNKNOWN STEP	2026-02-12T04:26:09.4208080Z create_tensor: loading tensor output_norm.weight
test-desktop (macos-latest)	UNKNOWN STEP	2026-02-12T04:26:09.4209140Z create_tensor: loading tensor output.weight
test-desktop (macos-latest)	UNKNOWN STEP	2026-02-12T04:26:09.4209630Z create_tensor: loading tensor blk.0.attn_norm.weight
test-desktop (macos-latest)	UNKNOWN STEP	2026-02-12T04:26:09.4210070Z create_tensor: loading tensor blk.0.attn_q.weight
test-desktop (macos-latest)	UNKNOWN STEP	2026-02-12T04:26:09.4210560Z create_tensor: loading tensor blk.0.attn_k.weight
test-desktop (macos-latest)	UNKNOWN STEP	2026-02-12T04:26:09.4210980Z create_tensor: loading tensor blk.0.attn_v.weight
test-desktop (macos-latest)	UNKNOWN STEP	2026-02-12T04:26:09.4211430Z create_tensor: loading tensor blk.0.attn_output.weight
test-desktop (macos-latest)	UNKNOWN STEP	2026-02-12T04:26:09.4211970Z create_tensor: loading tensor blk.0.ffn_norm.weight
test-desktop (macos-latest)	UNKNOWN STEP	2026-02-12T04:26:09.4212500Z create_tensor: loading tensor blk.0.ffn_gate.weight
test-desktop (macos-latest)	UNKNOWN STEP	2026-02-12T04:26:09.4213000Z create_tensor: loading tensor blk.0.ffn_down.weight
test-desktop (macos-latest)	UNKNOWN STEP	2026-02-12T04:26:09.4213470Z create_tensor: loading tensor blk.0.ffn_up.weight
test-desktop (macos-latest)	UNKNOWN STEP	2026-02-12T04:26:09.4214010Z create_tensor: loading tensor blk.1.attn_norm.weight
test-desktop (macos-latest)	UNKNOWN STEP	2026-02-12T04:26:09.4214540Z create_tensor: loading tensor blk.1.attn_q.weight
test-desktop (macos-latest)	UNKNOWN STEP	2026-02-12T04:26:09.4214960Z create_tensor: loading tensor blk.1.attn_k.weight
test-desktop (macos-latest)	UNKNOWN STEP	2026-02-12T04:26:09.4215520Z create_tensor: loading tensor blk.1.attn_v.weight
test-desktop (macos-latest)	UNKNOWN STEP	2026-02-12T04:26:09.4216110Z create_tensor: loading tensor blk.1.attn_output.weight
test-desktop (macos-latest)	UNKNOWN STEP	2026-02-12T04:26:09.4216540Z create_tensor: loading tensor blk.1.ffn_norm.weight
test-desktop (macos-latest)	UNKNOWN STEP	2026-02-12T04:26:09.4217010Z create_tensor: loading tensor blk.1.ffn_gate.weight
test-desktop (macos-latest)	UNKNOWN STEP	2026-02-12T04:26:09.4217490Z create_tensor: loading tensor blk.1.ffn_down.weight
test-desktop (macos-latest)	UNKNOWN STEP	2026-02-12T04:26:09.4217940Z create_tensor: loading tensor blk.1.ffn_up.weight
test-desktop (macos-latest)	UNKNOWN STEP	2026-02-12T04:26:09.4218410Z create_tensor: loading tensor blk.2.attn_norm.weight
test-desktop (macos-latest)	UNKNOWN STEP	2026-02-12T04:26:09.4219490Z create_tensor: loading tensor blk.2.attn_q.weight
test-desktop (macos-latest)	UNKNOWN STEP	2026-02-12T04:26:09.4220690Z create_tensor: loading tensor blk.2.attn_k.weight
test-desktop (macos-latest)	UNKNOWN STEP	2026-02-12T04:26:09.4221180Z create_tensor: loading tensor blk.2.attn_v.weight
test-desktop (macos-latest)	UNKNOWN STEP	2026-02-12T04:26:09.4221650Z create_tensor: loading tensor blk.2.attn_output.weight
test-desktop (macos-latest)	UNKNOWN STEP	2026-02-12T04:26:09.4222750Z create_tensor: loading tensor blk.2.ffn_norm.weight
test-desktop (macos-latest)	UNKNOWN STEP	2026-02-12T04:26:09.4223230Z create_tensor: loading tensor blk.2.ffn_gate.weight
test-desktop (macos-latest)	UNKNOWN STEP	2026-02-12T04:26:09.4223690Z create_tensor: loading tensor blk.2.ffn_down.weight
test-desktop (macos-latest)	UNKNOWN STEP	2026-02-12T04:26:09.4224140Z create_tensor: loading tensor blk.2.ffn_up.weight
test-desktop (macos-latest)	UNKNOWN STEP	2026-02-12T04:26:09.4224730Z create_tensor: loading tensor blk.3.attn_norm.weight
test-desktop (macos-latest)	UNKNOWN STEP	2026-02-12T04:26:09.4225210Z create_tensor: loading tensor blk.3.attn_q.weight
test-desktop (macos-latest)	UNKNOWN STEP	2026-02-12T04:26:09.4225720Z create_tensor: loading tensor blk.3.attn_k.weight
test-desktop (macos-latest)	UNKNOWN STEP	2026-02-12T04:26:09.4226170Z create_tensor: loading tensor blk.3.attn_v.weight
test-desktop (macos-latest)	UNKNOWN STEP	2026-02-12T04:26:09.4226640Z create_tensor: loading tensor blk.3.attn_output.weight
test-desktop (macos-latest)	UNKNOWN STEP	2026-02-12T04:26:09.4227130Z create_tensor: loading tensor blk.3.ffn_norm.weight
test-desktop (macos-latest)	UNKNOWN STEP	2026-02-12T04:26:09.4227670Z create_tensor: loading tensor blk.3.ffn_gate.weight
test-desktop (macos-latest)	UNKNOWN STEP	2026-02-12T04:26:09.4228190Z create_tensor: loading tensor blk.3.ffn_down.weight
test-desktop (macos-latest)	UNKNOWN STEP	2026-02-12T04:26:09.4228690Z create_tensor: loading tensor blk.3.ffn_up.weight
test-desktop (macos-latest)	UNKNOWN STEP	2026-02-12T04:26:09.4229180Z create_tensor: loading tensor blk.4.attn_norm.weight
test-desktop (macos-latest)	UNKNOWN STEP	2026-02-12T04:26:09.4229690Z create_tensor: loading tensor blk.4.attn_q.weight
test-desktop (macos-latest)	UNKNOWN STEP	2026-02-12T04:26:09.4230130Z create_tensor: loading tensor blk.4.attn_k.weight
test-desktop (macos-latest)	UNKNOWN STEP	2026-02-12T04:26:09.4230560Z create_tensor: loading tensor blk.4.attn_v.weight
test-desktop (macos-latest)	UNKNOWN STEP	2026-02-12T04:26:09.4231030Z create_tensor: loading tensor blk.4.attn_output.weight
test-desktop (macos-latest)	UNKNOWN STEP	2026-02-12T04:26:09.4231570Z create_tensor: loading tensor blk.4.ffn_norm.weight
test-desktop (macos-latest)	UNKNOWN STEP	2026-02-12T04:26:09.4232040Z create_tensor: loading tensor blk.4.ffn_gate.weight
test-desktop (macos-latest)	UNKNOWN STEP	2026-02-12T04:26:09.4232480Z create_tensor: loading tensor blk.4.ffn_down.weight
test-desktop (macos-latest)	UNKNOWN STEP	2026-02-12T04:26:09.4232940Z create_tensor: loading tensor blk.4.ffn_up.weight
test-desktop (macos-latest)	UNKNOWN STEP	2026-02-12T04:26:09.4233510Z create_tensor: loading tensor blk.5.attn_norm.weight
test-desktop (macos-latest)	UNKNOWN STEP	2026-02-12T04:26:09.4234010Z create_tensor: loading tensor blk.5.attn_q.weight
test-desktop (macos-latest)	UNKNOWN STEP	2026-02-12T04:26:09.4234470Z create_tensor: loading tensor blk.5.attn_k.weight
test-desktop (macos-latest)	UNKNOWN STEP	2026-02-12T04:26:09.4234940Z create_tensor: loading tensor blk.5.attn_v.weight
test-desktop (macos-latest)	UNKNOWN STEP	2026-02-12T04:26:09.4235510Z create_tensor: loading tensor blk.5.attn_output.weight
test-desktop (macos-latest)	UNKNOWN STEP	2026-02-12T04:26:09.4236720Z create_tensor: loading tensor blk.5.ffn_norm.weight
test-desktop (macos-latest)	UNKNOWN STEP	2026-02-12T04:26:09.4237230Z create_tensor: loading tensor blk.5.ffn_gate.weight
test-desktop (macos-latest)	UNKNOWN STEP	2026-02-12T04:26:09.4237680Z create_tensor: loading tensor blk.5.ffn_down.weight
test-desktop (macos-latest)	UNKNOWN STEP	2026-02-12T04:26:09.4238240Z create_tensor: loading tensor blk.5.ffn_up.weight
test-desktop (macos-latest)	UNKNOWN STEP	2026-02-12T04:26:09.4238930Z load_tensors: tensor 'token_embd.weight' (f32) (and 56 others) cannot be used with preferred buffer type CPU_REPACK, using CPU instead
test-desktop (macos-latest)	UNKNOWN STEP	2026-02-12T04:26:09.4239660Z load_tensors: offloading 0 repeating layers to GPU
test-desktop (macos-latest)	UNKNOWN STEP	2026-02-12T04:26:09.4240110Z load_tensors: offloaded 0/7 layers to GPU
test-desktop (macos-latest)	UNKNOWN STEP	2026-02-12T04:26:09.4240600Z load_tensors:   CPU_Mapped model buffer size =    93.11 MiB
test-desktop (macos-latest)	UNKNOWN STEP	2026-02-12T04:26:09.4241030Z ...........................
test-desktop (macos-latest)	UNKNOWN STEP	2026-02-12T04:26:09.4254300Z llama_context: constructing llama_context
test-desktop (macos-latest)	UNKNOWN STEP	2026-02-12T04:26:09.4254920Z llama_context: n_seq_max     = 1
test-desktop (macos-latest)	UNKNOWN STEP	2026-02-12T04:26:09.4255340Z llama_context: n_ctx         = 4096
test-desktop (macos-latest)	UNKNOWN STEP	2026-02-12T04:26:09.4255680Z llama_context: n_ctx_seq     = 4096
test-desktop (macos-latest)	UNKNOWN STEP	2026-02-12T04:26:09.4256130Z llama_context: n_batch       = 4096
test-desktop (macos-latest)	UNKNOWN STEP	2026-02-12T04:26:09.4256440Z llama_context: n_ubatch      = 4096
test-desktop (macos-latest)	UNKNOWN STEP	2026-02-12T04:26:09.4256780Z llama_context: causal_attn   = 1
test-desktop (macos-latest)	UNKNOWN STEP	2026-02-12T04:26:09.4257300Z llama_context: flash_attn    = auto
test-desktop (macos-latest)	UNKNOWN STEP	2026-02-12T04:26:09.4257640Z llama_context: kv_unified    = false
test-desktop (macos-latest)	UNKNOWN STEP	2026-02-12T04:26:09.4258020Z llama_context: freq_base     = 10000.0
test-desktop (macos-latest)	UNKNOWN STEP	2026-02-12T04:26:09.4258310Z llama_context: freq_scale    = 1
test-desktop (macos-latest)	UNKNOWN STEP	2026-02-12T04:26:09.4258700Z llama_context: n_ctx_seq (4096) > n_ctx_train (128) -- possible training context overflow
test-desktop (macos-latest)	UNKNOWN STEP	2026-02-12T04:26:09.4259070Z ggml_metal_init: allocating
test-desktop (macos-latest)	UNKNOWN STEP	2026-02-12T04:26:09.4259370Z ggml_metal_init: found device: Apple Paravirtual device
test-desktop (macos-latest)	UNKNOWN STEP	2026-02-12T04:26:09.4259770Z ggml_metal_init: picking default device: Apple Paravirtual device
test-desktop (macos-latest)	UNKNOWN STEP	2026-02-12T04:26:09.4262080Z ggml_metal_init: use fusion         = true
test-desktop (macos-latest)	UNKNOWN STEP	2026-02-12T04:26:09.4263060Z ggml_metal_init: use concurrency    = true
test-desktop (macos-latest)	UNKNOWN STEP	2026-02-12T04:26:09.4263360Z ggml_metal_init: use graph optimize = true
test-desktop (macos-latest)	UNKNOWN STEP	2026-02-12T04:26:09.4263640Z set_abort_callback: call
test-desktop (macos-latest)	UNKNOWN STEP	2026-02-12T04:26:09.4263950Z llama_context:        CPU  output buffer size =     0.12 MiB
test-desktop (macos-latest)	UNKNOWN STEP	2026-02-12T04:26:09.4264280Z llama_kv_cache: layer   0: dev = CPU
test-desktop (macos-latest)	UNKNOWN STEP	2026-02-12T04:26:09.4264550Z llama_kv_cache: layer   1: dev = CPU
test-desktop (macos-latest)	UNKNOWN STEP	2026-02-12T04:26:09.4264800Z llama_kv_cache: layer   2: dev = CPU
test-desktop (macos-latest)	UNKNOWN STEP	2026-02-12T04:26:09.4265060Z llama_kv_cache: layer   3: dev = CPU
test-desktop (macos-latest)	UNKNOWN STEP	2026-02-12T04:26:09.4265310Z llama_kv_cache: layer   4: dev = CPU
test-desktop (macos-latest)	UNKNOWN STEP	2026-02-12T04:26:09.4265560Z llama_kv_cache: layer   5: dev = CPU
test-desktop (macos-latest)	UNKNOWN STEP	2026-02-12T04:26:09.4265870Z llama_kv_cache:        CPU KV buffer size =    27.00 MiB
test-desktop (macos-latest)	UNKNOWN STEP	2026-02-12T04:26:09.4421540Z llama_kv_cache: size =   27.00 MiB (  4096 cells,   6 layers,  1/1 seqs), K (f16):   13.50 MiB, V (f16):   13.50 MiB
test-desktop (macos-latest)	UNKNOWN STEP	2026-02-12T04:26:09.4423470Z llama_context: enumerating backends
test-desktop (macos-latest)	UNKNOWN STEP	2026-02-12T04:26:09.4423950Z llama_context: backend_ptrs.size() = 3
test-desktop (macos-latest)	UNKNOWN STEP	2026-02-12T04:26:09.4424470Z sched_reserve: reserving ...
test-desktop (macos-latest)	UNKNOWN STEP	2026-02-12T04:26:09.4424900Z sched_reserve: max_nodes = 1024
test-desktop (macos-latest)	UNKNOWN STEP	2026-02-12T04:26:09.4433460Z sched_reserve: reserving full memory module
test-desktop (macos-latest)	UNKNOWN STEP	2026-02-12T04:26:09.4433940Z sched_reserve: worst-case: n_tokens = 4096, n_seqs = 1, n_outputs = 1
test-desktop (macos-latest)	UNKNOWN STEP	2026-02-12T04:26:09.4434630Z graph_reserve: reserving a graph for ubatch with n_tokens =    1, n_seqs =  1, n_outputs =    1
test-desktop (macos-latest)	UNKNOWN STEP	2026-02-12T04:26:09.4435210Z sched_reserve: Flash Attention was auto, set to enabled
test-desktop (macos-latest)	UNKNOWN STEP	2026-02-12T04:26:09.4435770Z graph_reserve: reserving a graph for ubatch with n_tokens = 4096, n_seqs =  1, n_outputs = 4096
test-desktop (macos-latest)	UNKNOWN STEP	2026-02-12T04:26:09.4436610Z graph_reserve: reserving a graph for ubatch with n_tokens =    1, n_seqs =  1, n_outputs =    1
test-desktop (macos-latest)	UNKNOWN STEP	2026-02-12T04:26:09.4437250Z graph_reserve: reserving a graph for ubatch with n_tokens = 4096, n_seqs =  1, n_outputs = 4096
test-desktop (macos-latest)	UNKNOWN STEP	2026-02-12T04:26:09.4437820Z sched_reserve:        CPU compute buffer size =   509.02 MiB
test-desktop (macos-latest)	UNKNOWN STEP	2026-02-12T04:26:09.4438260Z sched_reserve: graph nodes  = 193
test-desktop (macos-latest)	UNKNOWN STEP	2026-02-12T04:26:09.4438740Z sched_reserve: graph splits = 62 (with bs=4096), 1 (with bs=1)
test-desktop (macos-latest)	UNKNOWN STEP	2026-02-12T04:26:09.4439990Z sched_reserve: reserve took 1.75 ms, sched copies = 1
test-desktop (macos-latest)	UNKNOWN STEP	2026-02-12T04:26:09.4792430Z llama_context: constructing llama_context
test-desktop (macos-latest)	UNKNOWN STEP	2026-02-12T04:26:09.4793220Z llama_context: n_seq_max     = 1
test-desktop (macos-latest)	UNKNOWN STEP	2026-02-12T04:26:09.4793580Z llama_context: n_ctx         = 4096
test-desktop (macos-latest)	UNKNOWN STEP	2026-02-12T04:26:09.4794630Z llama_context: n_ctx_seq     = 4096
test-desktop (macos-latest)	UNKNOWN STEP	2026-02-12T04:26:09.4795500Z llama_context: n_batch       = 4096
test-desktop (macos-latest)	UNKNOWN STEP	2026-02-12T04:26:09.4795770Z llama_context: n_ubatch      = 4096
test-desktop (macos-latest)	UNKNOWN STEP	2026-02-12T04:26:09.4796020Z llama_context: causal_attn   = 1
test-desktop (macos-latest)	UNKNOWN STEP	2026-02-12T04:26:09.4796270Z llama_context: flash_attn    = auto
test-desktop (macos-latest)	UNKNOWN STEP	2026-02-12T04:26:09.4796530Z llama_context: kv_unified    = false
test-desktop (macos-latest)	UNKNOWN STEP	2026-02-12T04:26:09.4796800Z llama_context: freq_base     = 10000.0
test-desktop (macos-latest)	UNKNOWN STEP	2026-02-12T04:26:09.4798300Z llama_context: freq_scale    = 1
test-desktop (macos-latest)	UNKNOWN STEP	2026-02-12T04:26:09.4799570Z llama_context: n_ctx_seq (4096) > n_ctx_train (128) -- possible training context overflow
test-desktop (macos-latest)	UNKNOWN STEP	2026-02-12T04:26:09.4800870Z ggml_metal_init: allocating
test-desktop (macos-latest)	UNKNOWN STEP	2026-02-12T04:26:09.4801200Z ggml_metal_init: found device: Apple Paravirtual device
test-desktop (macos-latest)	UNKNOWN STEP	2026-02-12T04:26:09.4801630Z ggml_metal_init: picking default device: Apple Paravirtual device
test-desktop (macos-latest)	UNKNOWN STEP	2026-02-12T04:26:09.4801980Z ggml_metal_init: use fusion         = true
test-desktop (macos-latest)	UNKNOWN STEP	2026-02-12T04:26:09.4802270Z ggml_metal_init: use concurrency    = true
test-desktop (macos-latest)	UNKNOWN STEP	2026-02-12T04:26:09.4802540Z ggml_metal_init: use graph optimize = true
test-desktop (macos-latest)	UNKNOWN STEP	2026-02-12T04:26:09.4802810Z set_abort_callback: call
test-desktop (macos-latest)	UNKNOWN STEP	2026-02-12T04:26:09.4803110Z llama_context:        CPU  output buffer size =     0.12 MiB
test-desktop (macos-latest)	UNKNOWN STEP	2026-02-12T04:26:09.4803420Z llama_kv_cache: layer   0: dev = CPU
test-desktop (macos-latest)	UNKNOWN STEP	2026-02-12T04:26:09.4803680Z llama_kv_cache: layer   1: dev = CPU
test-desktop (macos-latest)	UNKNOWN STEP	2026-02-12T04:26:09.4803960Z llama_kv_cache: layer   2: dev = CPU
test-desktop (macos-latest)	UNKNOWN STEP	2026-02-12T04:26:09.4804220Z llama_kv_cache: layer   3: dev = CPU
test-desktop (macos-latest)	UNKNOWN STEP	2026-02-12T04:26:09.4804470Z llama_kv_cache: layer   4: dev = CPU
test-desktop (macos-latest)	UNKNOWN STEP	2026-02-12T04:26:09.4805630Z llama_kv_cache: layer   5: dev = CPU
test-desktop (macos-latest)	UNKNOWN STEP	2026-02-12T04:26:09.4807580Z llama_kv_cache:        CPU KV buffer size =    27.00 MiB
test-desktop (macos-latest)	UNKNOWN STEP	2026-02-12T04:26:09.4967370Z llama_kv_cache: size =   27.00 MiB (  4096 cells,   6 layers,  1/1 seqs), K (f16):   13.50 MiB, V (f16):   13.50 MiB
test-desktop (macos-latest)	UNKNOWN STEP	2026-02-12T04:26:09.4968710Z llama_context: enumerating backends
test-desktop (macos-latest)	UNKNOWN STEP	2026-02-12T04:26:09.4969590Z llama_context: backend_ptrs.size() = 3
test-desktop (macos-latest)	UNKNOWN STEP	2026-02-12T04:26:09.4969890Z sched_reserve: reserving ...
test-desktop (macos-latest)	UNKNOWN STEP	2026-02-12T04:26:09.4970180Z sched_reserve: max_nodes = 1024
test-desktop (macos-latest)	UNKNOWN STEP	2026-02-12T04:26:09.4983660Z sched_reserve: reserving full memory module
test-desktop (macos-latest)	UNKNOWN STEP	2026-02-12T04:26:09.4984820Z sched_reserve: worst-case: n_tokens = 4096, n_seqs = 1, n_outputs = 1
test-desktop (macos-latest)	UNKNOWN STEP	2026-02-12T04:26:09.4985390Z graph_reserve: reserving a graph for ubatch with n_tokens =    1, n_seqs =  1, n_outputs =    1
test-desktop (macos-latest)	UNKNOWN STEP	2026-02-12T04:26:09.4985860Z sched_reserve: Flash Attention was auto, set to enabled
test-desktop (macos-latest)	UNKNOWN STEP	2026-02-12T04:26:09.4988450Z graph_reserve: reserving a graph for ubatch with n_tokens = 4096, n_seqs =  1, n_outputs = 4096
test-desktop (macos-latest)	UNKNOWN STEP	2026-02-12T04:26:09.4990510Z graph_reserve: reserving a graph for ubatch with n_tokens =    1, n_seqs =  1, n_outputs =    1
test-desktop (macos-latest)	UNKNOWN STEP	2026-02-12T04:26:09.4992020Z graph_reserve: reserving a graph for ubatch with n_tokens = 4096, n_seqs =  1, n_outputs = 4096
test-desktop (macos-latest)	UNKNOWN STEP	2026-02-12T04:26:09.4993280Z sched_reserve:        CPU compute buffer size =   509.02 MiB
test-desktop (macos-latest)	UNKNOWN STEP	2026-02-12T04:26:09.4994130Z sched_reserve: graph nodes  = 193
test-desktop (macos-latest)	UNKNOWN STEP	2026-02-12T04:26:09.4995360Z sched_reserve: graph splits = 62 (with bs=4096), 1 (with bs=1)
test-desktop (macos-latest)	UNKNOWN STEP	2026-02-12T04:26:09.4996630Z sched_reserve: reserve took 1.70 ms, sched copies = 1
test-desktop (macos-latest)	UNKNOWN STEP	2026-02-12T04:26:09.4997840Z ~llama_context:       MTL0 compute buffer size is   0.0000 MiB, matches expectation of   0.0000 MiB
test-desktop (macos-latest)	UNKNOWN STEP	2026-02-12T04:26:09.5000490Z ~llama_context:        CPU compute buffer size is 509.0156 MiB, matches expectation of 509.0156 MiB
test-desktop (macos-latest)	UNKNOWN STEP	2026-02-12T04:26:09.5004200Z ~llama_context:        CPU compute buffer size is   0.0000 MiB, matches expectation of   0.0000 MiB
test-desktop (macos-latest)	UNKNOWN STEP	2026-02-12T04:26:09.5005320Z ggml_metal_free: deallocating
test-desktop (macos-latest)	UNKNOWN STEP	2026-02-12T04:26:14.9372280Z llama_context: constructing llama_context
test-desktop (macos-latest)	UNKNOWN STEP	2026-02-12T04:26:14.9399760Z llama_context: n_seq_max     = 1
test-desktop (macos-latest)	UNKNOWN STEP	2026-02-12T04:26:14.9403000Z llama_context: n_ctx         = 4096
test-desktop (macos-latest)	UNKNOWN STEP	2026-02-12T04:26:14.9435780Z llama_context: n_ctx_seq     = 4096
test-desktop (macos-latest)	UNKNOWN STEP	2026-02-12T04:26:14.9441560Z llama_context: n_batch       = 4096
test-desktop (macos-latest)	UNKNOWN STEP	2026-02-12T04:26:14.9441950Z llama_context: n_ubatch      = 4096
test-desktop (macos-latest)	UNKNOWN STEP	2026-02-12T04:26:14.9442320Z llama_context: causal_attn   = 1
test-desktop (macos-latest)	UNKNOWN STEP	2026-02-12T04:26:14.9442600Z llama_context: flash_attn    = auto
test-desktop (macos-latest)	UNKNOWN STEP	2026-02-12T04:26:14.9442900Z llama_context: kv_unified    = false
test-desktop (macos-latest)	UNKNOWN STEP	2026-02-12T04:26:14.9443190Z llama_context: freq_base     = 10000.0
test-desktop (macos-latest)	UNKNOWN STEP	2026-02-12T04:26:14.9443510Z llama_context: freq_scale    = 1
test-desktop (macos-latest)	UNKNOWN STEP	2026-02-12T04:26:14.9443920Z llama_context: n_ctx_seq (4096) > n_ctx_train (128) -- possible training context overflow
test-desktop (macos-latest)	UNKNOWN STEP	2026-02-12T04:26:14.9444320Z ggml_metal_init: allocating
test-desktop (macos-latest)	UNKNOWN STEP	2026-02-12T04:26:14.9444660Z ggml_metal_init: found device: Apple Paravirtual device
test-desktop (macos-latest)	UNKNOWN STEP	2026-02-12T04:26:14.9447370Z ggml_metal_init: picking default device: Apple Paravirtual device
test-desktop (macos-latest)	UNKNOWN STEP	2026-02-12T04:26:14.9451000Z ggml_metal_init: use fusion         = true
test-desktop (macos-latest)	UNKNOWN STEP	2026-02-12T04:26:14.9584370Z ggml_metal_init: use concurrency    = true
test-desktop (macos-latest)	UNKNOWN STEP	2026-02-12T04:26:14.9685570Z ggml_metal_init: use graph optimize = true
test-desktop (macos-latest)	UNKNOWN STEP	2026-02-12T04:26:14.9786480Z set_abort_callback: call
test-desktop (macos-latest)	UNKNOWN STEP	2026-02-12T04:26:14.9887130Z llama_context:        CPU  output buffer size =     0.12 MiB
test-desktop (macos-latest)	UNKNOWN STEP	2026-02-12T04:26:14.9992920Z llama_kv_cache: layer   0: dev = CPU
test-desktop (macos-latest)	UNKNOWN STEP	2026-02-12T04:26:15.0093980Z llama_kv_cache: layer   1: dev = CPU
test-desktop (macos-latest)	UNKNOWN STEP	2026-02-12T04:26:15.0194960Z llama_kv_cache: layer   2: dev = CPU
test-desktop (macos-latest)	UNKNOWN STEP	2026-02-12T04:26:15.0295870Z llama_kv_cache: layer   3: dev = CPU
test-desktop (macos-latest)	UNKNOWN STEP	2026-02-12T04:26:15.0396550Z llama_kv_cache: layer   4: dev = CPU
test-desktop (macos-latest)	UNKNOWN STEP	2026-02-12T04:26:15.0507760Z llama_kv_cache: layer   5: dev = CPU
test-desktop (macos-latest)	UNKNOWN STEP	2026-02-12T04:26:15.0508840Z llama_kv_cache:        CPU KV buffer size =    27.00 MiB
test-desktop (macos-latest)	UNKNOWN STEP	2026-02-12T04:26:15.0509890Z llama_kv_cache: size =   27.00 MiB (  4096 cells,   6 layers,  1/1 seqs), K (f16):   13.50 MiB, V (f16):   13.50 MiB
test-desktop (macos-latest)	UNKNOWN STEP	2026-02-12T04:26:15.0515490Z llama_context: enumerating backends
test-desktop (macos-latest)	UNKNOWN STEP	2026-02-12T04:26:15.0515820Z llama_context: backend_ptrs.size() = 3
test-desktop (macos-latest)	UNKNOWN STEP	2026-02-12T04:26:15.0516100Z sched_reserve: reserving ...
test-desktop (macos-latest)	UNKNOWN STEP	2026-02-12T04:26:15.0516450Z sched_reserve: max_nodes = 1024
test-desktop (macos-latest)	UNKNOWN STEP	2026-02-12T04:26:15.0516760Z sched_reserve: reserving full memory module
test-desktop (macos-latest)	UNKNOWN STEP	2026-02-12T04:26:15.0517140Z sched_reserve: worst-case: n_tokens = 4096, n_seqs = 1, n_outputs = 1
test-desktop (macos-latest)	UNKNOWN STEP	2026-02-12T04:26:15.0517650Z graph_reserve: reserving a graph for ubatch with n_tokens =    1, n_seqs =  1, n_outputs =    1
test-desktop (macos-latest)	UNKNOWN STEP	2026-02-12T04:26:15.0518140Z sched_reserve: Flash Attention was auto, set to enabled
test-desktop (macos-latest)	UNKNOWN STEP	2026-02-12T04:26:15.0518640Z graph_reserve: reserving a graph for ubatch with n_tokens = 4096, n_seqs =  1, n_outputs = 4096
test-desktop (macos-latest)	UNKNOWN STEP	2026-02-12T04:26:15.0519200Z graph_reserve: reserving a graph for ubatch with n_tokens =    1, n_seqs =  1, n_outputs =    1
test-desktop (macos-latest)	UNKNOWN STEP	2026-02-12T04:26:15.0519830Z graph_reserve: reserving a graph for ubatch with n_tokens = 4096, n_seqs =  1, n_outputs = 4096
test-desktop (macos-latest)	UNKNOWN STEP	2026-02-12T04:26:15.0520300Z sched_reserve:        CPU compute buffer size =   509.02 MiB
test-desktop (macos-latest)	UNKNOWN STEP	2026-02-12T04:26:15.0520620Z sched_reserve: graph nodes  = 193
test-desktop (macos-latest)	UNKNOWN STEP	2026-02-12T04:26:15.0520960Z sched_reserve: graph splits = 62 (with bs=4096), 1 (with bs=1)
test-desktop (macos-latest)	UNKNOWN STEP	2026-02-12T04:26:15.0521360Z sched_reserve: reserve took 2.94 ms, sched copies = 1
test-desktop (macos-latest)	UNKNOWN STEP	2026-02-12T04:26:15.0521830Z ~llama_context:       MTL0 compute buffer size is   0.0000 MiB, matches expectation of   0.0000 MiB
test-desktop (macos-latest)	UNKNOWN STEP	2026-02-12T04:26:15.0522390Z ~llama_context:        CPU compute buffer size is 509.0156 MiB, matches expectation of 509.0156 MiB
test-desktop (macos-latest)	UNKNOWN STEP	2026-02-12T04:26:15.0522980Z ~llama_context:        CPU compute buffer size is   0.0000 MiB, matches expectation of   0.0000 MiB
test-desktop (macos-latest)	UNKNOWN STEP	2026-02-12T04:26:15.0523410Z ggml_metal_free: deallocating
test-desktop (macos-latest)	UNKNOWN STEP	2026-02-12T04:35:54.9660560Z ##[group]â Inference Smoke Test (Desktop) Verify native library load and basic inference (failed)
test-desktop (macos-latest)	UNKNOWN STEP	2026-02-12T04:35:54.9744870Z Loading model...
test-desktop (macos-latest)	UNKNOWN STEP	2026-02-12T04:35:54.9847620Z Model loaded successfully.
test-desktop (macos-latest)	UNKNOWN STEP	2026-02-12T04:35:54.9972990Z Running 5-token generation check...
test-desktop (macos-latest)	UNKNOWN STEP	2026-02-12T04:35:55.0076220Z Running generation check...
test-desktop (macos-latest)	UNKNOWN STEP	2026-02-12T04:35:55.0096120Z TimeoutException after 0:10:00.000000: Test timed out after 10 minutes.
test-desktop (macos-latest)	UNKNOWN STEP	2026-02-12T04:35:55.0246920Z dart:isolate  _RawReceivePort._handleMessage
test-desktop (macos-latest)	UNKNOWN STEP	2026-02-12T04:35:55.0350450Z ##[endgroup]
test-desktop (macos-latest)	UNKNOWN STEP	2026-02-12T04:35:55.0451880Z 
test-desktop (macos-latest)	UNKNOWN STEP	2026-02-12T04:35:55.0640690Z ##[error]0 tests passed, 1 failed.
test-desktop (macos-latest)	UNKNOWN STEP	2026-02-12T04:35:55.3858760Z ##[error]Process completed with exit code 1.
test-desktop (macos-latest)	UNKNOWN STEP	2026-02-12T04:35:55.4543560Z Post job cleanup.
test-desktop (macos-latest)	UNKNOWN STEP	2026-02-12T04:35:55.4831220Z Post job cleanup.
test-desktop (macos-latest)	UNKNOWN STEP	2026-02-12T04:35:55.8618500Z [command]/opt/homebrew/bin/git version
test-desktop (macos-latest)	UNKNOWN STEP	2026-02-12T04:35:55.8809380Z git version 2.52.0
test-desktop (macos-latest)	UNKNOWN STEP	2026-02-12T04:35:55.8843130Z Copying '/Users/runner/.gitconfig' to '/Users/runner/work/_temp/e1be5ee4-f6cb-4005-b05d-b47be6a4f830/.gitconfig'
test-desktop (macos-latest)	UNKNOWN STEP	2026-02-12T04:35:55.8853250Z Temporarily overriding HOME='/Users/runner/work/_temp/e1be5ee4-f6cb-4005-b05d-b47be6a4f830' before making global git config changes
test-desktop (macos-latest)	UNKNOWN STEP	2026-02-12T04:35:55.8854160Z Adding repository directory to the temporary git global config as a safe directory
test-desktop (macos-latest)	UNKNOWN STEP	2026-02-12T04:35:55.8923730Z [command]/opt/homebrew/bin/git config --global --add safe.directory /Users/runner/work/llamadart/llamadart
test-desktop (macos-latest)	UNKNOWN STEP	2026-02-12T04:35:55.9086550Z [command]/opt/homebrew/bin/git config --local --name-only --get-regexp core\.sshCommand
test-desktop (macos-latest)	UNKNOWN STEP	2026-02-12T04:35:55.9244030Z [command]/opt/homebrew/bin/git submodule foreach --recursive sh -c "git config --local --name-only --get-regexp 'core\.sshCommand' && git config --local --unset-all 'core.sshCommand' || :"
test-desktop (macos-latest)	UNKNOWN STEP	2026-02-12T04:35:56.1479900Z [command]/opt/homebrew/bin/git config --local --name-only --get-regexp http\.https\:\/\/github\.com\/\.extraheader
test-desktop (macos-latest)	UNKNOWN STEP	2026-02-12T04:35:56.1569300Z http.https://github.com/.extraheader
test-desktop (macos-latest)	UNKNOWN STEP	2026-02-12T04:35:56.1659170Z [command]/opt/homebrew/bin/git config --local --unset-all http.https://github.com/.extraheader
test-desktop (macos-latest)	UNKNOWN STEP	2026-02-12T04:35:56.1835690Z [command]/opt/homebrew/bin/git submodule foreach --recursive sh -c "git config --local --name-only --get-regexp 'http\.https\:\/\/github\.com\/\.extraheader' && git config --local --unset-all 'http.https://github.com/.extraheader' || :"
test-desktop (macos-latest)	UNKNOWN STEP	2026-02-12T04:35:56.4085100Z [command]/opt/homebrew/bin/git config --local --name-only --get-regexp ^includeIf\.gitdir:
test-desktop (macos-latest)	UNKNOWN STEP	2026-02-12T04:35:56.4391490Z [command]/opt/homebrew/bin/git submodule foreach --recursive git config --local --show-origin --name-only --get-regexp remote.origin.url
test-desktop (macos-latest)	UNKNOWN STEP	2026-02-12T04:35:56.6674190Z Cleaning up orphan processes
